Component: ARM Compiler 5.06 update 6 (build 750) Tool: armlink [4d35ed]

==============================================================================

Section Cross References

    main.o(i.main) refers to misc.o(i.NVIC_PriorityGroupConfig) for NVIC_PriorityGroupConfig
    main.o(i.main) refers to delay.o(i.delay_init) for delay_init
    main.o(i.main) refers to hal_usart1.o(i.USART1_Init) for USART1_Init
    main.o(i.main) refers to hal_uart4.o(i.UART4_Init) for UART4_Init
    main.o(i.main) refers to hal_buzzer.o(i.Buzzer_Init) for Buzzer_Init
    main.o(i.main) refers to hal_timer2.o(i.TIM2_Init) for TIM2_Init
    main.o(i.main) refers to hal_buzzer.o(i.HalBuzzerBlink) for HalBuzzerBlink
    main.o(i.main) refers to stm32app.o(i.simpleAppInit) for simpleAppInit
    main.o(i.main) refers to stm32app.o(i.simpleAppProcess) for simpleAppProcess
    stm32app.o(i.Air_conditionProcess) refers to pcf8563.o(i.PCF8563_GetTime) for PCF8563_GetTime
    stm32app.o(i.Air_conditionProcess) refers to pcf8563.o(i.Convert_BcdToHex) for Convert_BcdToHex
    stm32app.o(i.Air_conditionProcess) refers to lcd12864.o(i.LCD_WriteChineseString) for LCD_WriteChineseString
    stm32app.o(i.Air_conditionProcess) refers to lcd12864.o(i.LCD_WriteEnglishString) for LCD_WriteEnglishString
    stm32app.o(i.Air_conditionProcess) refers to stm32app.o(.data) for RTC_TestBuf
    stm32app.o(i.Air_conditionProcess) refers to stm32app.o(.constdata) for IND_JingGao
    stm32app.o(i.AlarmProcess) refers to stm32f10x_gpio.o(i.GPIO_ReadOutputDataBit) for GPIO_ReadOutputDataBit
    stm32app.o(i.AlarmProcess) refers to noretval__2printf.o(.text) for __2printf
    stm32app.o(i.AlarmProcess) refers to hal_buzzer.o(i.HalBuzzerBlink) for HalBuzzerBlink
    stm32app.o(i.AlarmProcess) refers to hal_timer2.o(.data) for T_ALARM_MS
    stm32app.o(i.AlarmProcess) refers to stm32app.o(.data) for T_ALARM_MS_OLD
    stm32app.o(i.CloudProcess) refers to _printf_percent.o(.ARM.Collect$$_printf_percent$$00000000) for _printf_percent
    stm32app.o(i.CloudProcess) refers to _printf_d.o(.ARM.Collect$$_printf_percent$$00000009) for _printf_d
    stm32app.o(i.CloudProcess) refers to _printf_dec.o(.text) for _printf_int_dec
    stm32app.o(i.CloudProcess) refers to wifitocloud.o(i.ESP8266_GetIpData) for ESP8266_GetIpData
    stm32app.o(i.CloudProcess) refers to stm32app.o(i.USER_DataAnalysisProcess) for USER_DataAnalysisProcess
    stm32app.o(i.CloudProcess) refers to rt_memclr_w.o(.text) for __aeabi_memclr4
    stm32app.o(i.CloudProcess) refers to hal_wifitocloud.o(i.ClrAtRxBuf) for ClrAtRxBuf
    stm32app.o(i.CloudProcess) refers to noretval__2sprintf.o(.text) for __2sprintf
    stm32app.o(i.CloudProcess) refers to stm32app.o(i.SE_SendSensor3) for SE_SendSensor3
    stm32app.o(i.CloudProcess) refers to stm32app.o(i.SE_SendSensor2) for SE_SendSensor2
    stm32app.o(i.CloudProcess) refers to noretval__2printf.o(.text) for __2printf
    stm32app.o(i.CloudProcess) refers to hal_uart4.o(.data) for F_UART4_RX_FINISH
    stm32app.o(i.CloudProcess) refers to hal_uart4.o(.bss) for UART4_RX_BUF
    stm32app.o(i.CloudProcess) refers to hal_timer2.o(.data) for T_NET_MS
    stm32app.o(i.CloudProcess) refers to stm32app.o(.data) for RTC_BCD_Buf
    stm32app.o(i.ConnectCloudProcess) refers to _printf_percent.o(.ARM.Collect$$_printf_percent$$00000000) for _printf_percent
    stm32app.o(i.ConnectCloudProcess) refers to _printf_d.o(.ARM.Collect$$_printf_percent$$00000009) for _printf_d
    stm32app.o(i.ConnectCloudProcess) refers to _printf_dec.o(.text) for _printf_int_dec
    stm32app.o(i.ConnectCloudProcess) refers to lcd12864.o(i.LCD_WriteEnglishString) for LCD_WriteEnglishString
    stm32app.o(i.ConnectCloudProcess) refers to delay.o(i.delay_us) for delay_us
    stm32app.o(i.ConnectCloudProcess) refers to noretval__2printf.o(.text) for __2printf
    stm32app.o(i.ConnectCloudProcess) refers to wifitocloud.o(i.ConnectToServer) for ConnectToServer
    stm32app.o(i.ConnectCloudProcess) refers to hal_wifitocloud.o(i.ClrAtRxBuf) for ClrAtRxBuf
    stm32app.o(i.ConnectCloudProcess) refers to lcd12864.o(i.LCD_Clr) for LCD_Clr
    stm32app.o(i.ERROR_Message) refers to lcd12864.o(i.LCD_Clr) for LCD_Clr
    stm32app.o(i.ERROR_Message) refers to lcd12864.o(i.LCD_WriteEnglishString) for LCD_WriteEnglishString
    stm32app.o(i.ERROR_Message) refers to delay.o(i.delay_us) for delay_us
    stm32app.o(i.ERROR_Message) refers to lcd12864.o(i.LCD_WriteChineseString) for LCD_WriteChineseString
    stm32app.o(i.ERROR_Message) refers to lcd12864.o(i.LCD_WriteChinese) for LCD_WriteChinese
    stm32app.o(i.ERROR_Message) refers to stm32app.o(.constdata) for shangXianZhi
    stm32app.o(i.IR_HandleProcess) refers to lcd12864.o(i.LCD_Clr) for LCD_Clr
    stm32app.o(i.IR_HandleProcess) refers to aeabi_memset.o(.text) for __aeabi_memset
    stm32app.o(i.IR_HandleProcess) refers to lednixietube.o(i.set_led_dispbuf) for set_led_dispbuf
[...]
    i.USART1_Init                            0x08003f0c   Section        0  hal_usart1.o(i.USART1_Init)
    i.USART_Cmd                              0x08003f98   Section        0  stm32f10x_usart.o(i.USART_Cmd)
    i.USART_DeInit                           0x08003fb0   Section        0  stm32f10x_usart.o(i.USART_DeInit)
    i.USART_GetITStatus                      0x0800404c   Section        0  stm32f10x_usart.o(i.USART_GetITStatus)
    i.USART_ITConfig                         0x080040a0   Section        0  stm32f10x_usart.o(i.USART_ITConfig)
    i.USART_Init                             0x080040ec   Section        0  stm32f10x_usart.o(i.USART_Init)
    i.USART_ReceiveData                      0x080041c4   Section        0  stm32f10x_usart.o(i.USART_ReceiveData)
    i.USART_SendData                         0x080041ce   Section        0  stm32f10x_usart.o(i.USART_SendData)
    i.USER_DataAnalysisProcess               0x080041d8   Section        0  stm32app.o(i.USER_DataAnalysisProcess)
    i.USER_GetJsonValue                      0x08004648   Section        0  stm32app.o(i.USER_GetJsonValue)
    i.USER_GetTempJsonValue                  0x080046c8   Section        0  stm32app.o(i.USER_GetTempJsonValue)
    i.UsageFault_Handler                     0x080047bc   Section        0  stm32f10x_it.o(i.UsageFault_Handler)
    i.WORKSTATION_Message                    0x080047e8   Section        0  stm32app.o(i.WORKSTATION_Message)
    i.WorkStaSwitch                          0x08004b7c   Section        0  stm32app.o(i.WorkStaSwitch)
    i._is_digit                              0x08004e04   Section        0  __printf_wp.o(i._is_digit)
    i._sys_exit                              0x08004e12   Section        0  hal_usart1.o(i._sys_exit)
    i.calculateResValue                      0x08004e18   Section        0  ntcthermistor.o(i.calculateResValue)
    i.calculateTemperature                   0x08004e8c   Section        0  ntcthermistor.o(i.calculateTemperature)
    i.dataTransfer                           0x08004f00   Section        0  sys.o(i.dataTransfer)
    i.delay_init                             0x08004f6c   Section        0  delay.o(i.delay_init)
    i.delay_us                               0x08004f90   Section        0  delay.o(i.delay_us)
    i.fputc                                  0x08004fdc   Section        0  hal_usart1.o(i.fputc)
    i.getTemperature                         0x08004ff8   Section        0  ntcthermistor.o(i.getTemperature)
    i.hc595_out_for_int                      0x0800501c   Section        0  74hc595.o(i.hc595_out_for_int)
    i.keyInit                                0x080050a8   Section        0  hal_key.o(i.keyInit)
    i.keyScanInd                             0x080050e0   Section        0  hal_key.o(i.keyScanInd)
    i.led_scan                               0x08005154   Section        0  lednixietube.o(i.led_scan)
    i.main                                   0x080051bc   Section        0  main.o(i.main)
    i.set_led_dispbuf                        0x080051fc   Section        0  lednixietube.o(i.set_led_dispbuf)
    i.simpleAppInit                          0x08005224   Section        0  stm32app.o(i.simpleAppInit)
    i.simpleAppProcess                       0x0800535c   Section        0  stm32app.o(i.simpleAppProcess)
    x$fpl$d2f                                0x08005450   Section       98  d2f.o(x$fpl$d2f)
    x$fpl$dadd                               0x080054b4   Section      336  daddsub_clz.o(x$fpl$dadd)
    _dadd1                                   0x080054c5   Thumb Code     0  daddsub_clz.o(x$fpl$dadd)
    x$fpl$ddiv                               0x08005604   Section      688  ddiv.o(x$fpl$ddiv)
    ddiv_entry                               0x0800560b   Thumb Code     0  ddiv.o(x$fpl$ddiv)
    x$fpl$dfixu                              0x080058b4   Section       90  dfixu.o(x$fpl$dfixu)
    x$fpl$dfltu                              0x0800590e   Section       38  dflt_clz.o(x$fpl$dfltu)
    x$fpl$dmul                               0x08005934   Section      340  dmul.o(x$fpl$dmul)
    x$fpl$dnaninf                            0x08005a88   Section      156  dnaninf.o(x$fpl$dnaninf)
    x$fpl$dretinf                            0x08005b24   Section       12  dretinf.o(x$fpl$dretinf)
    x$fpl$drsb                               0x08005b30   Section       22  daddsub_clz.o(x$fpl$drsb)
    x$fpl$dsub                               0x08005b48   Section      468  daddsub_clz.o(x$fpl$dsub)
    _dsub1                                   0x08005b59   Thumb Code     0  daddsub_clz.o(x$fpl$dsub)
    x$fpl$f2d                                0x08005d1c   Section       86  f2d.o(x$fpl$f2d)
    x$fpl$fflt                               0x08005d74   Section       48  fflt_clz.o(x$fpl$fflt)
    x$fpl$fnaninf                            0x08005da4   Section      140  fnaninf.o(x$fpl$fnaninf)
    x$fpl$fretinf                            0x08005e30   Section       10  fretinf.o(x$fpl$fretinf)
    .constdata                               0x08005e3a   Section     2880  stm32app.o(.constdata)
    x$fpl$usenofp                            0x08005e3a   Section        0  usenofp.o(x$fpl$usenofp)
    .constdata                               0x0800697a   Section     1520  lcd12864.o(.constdata)
    .constdata                               0x08006f6a   Section       40  lednixietube.o(.constdata)
    .constdata                               0x08006f94   Section      564  ntcthermistor.o(.constdata)
    .constdata                               0x080071c8   Section       33  pcf8563.o(.constdata)
    .constdata                               0x080071e9   Section       17  __printf_flags_wp.o(.constdata)
    maptable                                 0x080071e9   Data          17  __printf_flags_wp.o(.constdata)
    .conststring                             0x080071fc   Section      161  stm32app.o(.conststring)
    .data                                    0x20000000   Section       44  stm32app.o(.data)
    erroCount                                0x2000002a   Data           1  stm32app.o(.data)
    ReConnectCloudTimeCount                  0x2000002b   Data           1  stm32app.o(.data)
    .data                                    0x2000002c   Section        8  hal_buzzer.o(.data)
    .data                                    0x20000034   Section        4  hal_key.o(.data)
    keyPressCount                            0x20000034   Data           1  hal_key.o(.data)
    keyValueOlde                             0x20000035   Data           1  hal_key.o(.data)
    keyValueTemp                             0x20000036   Data           1  hal_key.o(.data)
    keyValueTempOlde                         0x20000037   Data           1  hal_key.o(.data)
    .data                                    0x20000038   Section       16  hal_timer2.o(.data)
    .data                                    0x20000048   Section        5  hal_uart4.o(.data)
    .data                                    0x20000050   Section        4  hal_usart1.o(.data)
    .data                                    0x20000054   Section       20  system_stm32f10x.o(.data)
    .data                                    0x20000068   Section       20  stm32f10x_rcc.o(.data)
    APBAHBPrescTable                         0x20000068   Data          16  stm32f10x_rcc.o(.data)
    ADCPrescTable                            0x20000078   Data           4  stm32f10x_rcc.o(.data)
    .data                                    0x2000007c   Section        9  lednixietube.o(.data)
    Scom                                     0x2000007c   Data           1  lednixietube.o(.data)
    .data                                    0x20000088   Section       10  remote.o(.data)
    IrCount                                  0x20000090   Data           1  remote.o(.data)
    IrDataOld                                0x20000091   Data           1  remote.o(.data)
    .bss                                     0x20000094   Section       52  stm32app.o(.bss)
    temp                                     0x200000b4   Data          10  stm32app.o(.bss)
    temp                                     0x200000be   Data          10  stm32app.o(.bss)
    .bss                                     0x200000c8   Section       26  hal_timer2.o(.bss)
    .bss                                     0x200000e2   Section      256  hal_uart4.o(.bss)
    .bss                                     0x200001e4   Section       96  libspace.o(.bss)
    HEAP                                     0x20000248   Section      512  startup_stm32f10x_hd.o(HEAP)
    Heap_Mem                                 0x20000248   Data         512  startup_stm32f10x_hd.o(HEAP)
    STACK                                    0x20000448   Section     4096  startup_stm32f10x_hd.o(STACK)
    Stack_Mem                                0x20000448   Data        4096  startup_stm32f10x_hd.o(STACK)
    __initial_sp                             0x20001448   Data           0  startup_stm32f10x_hd.o(STACK)

    Global Symbols

    Symbol Name                              Value     Ov Type        Size  Object(Section)

    BuildAttributes$$THM_ISAv4$P$D$K$B$S$PE$A:L22UL41UL21$X:L11$S22US41US21$IEEE1$IW$USESV6$~STKCKD$USESV7$~SHL$OSPACE$ROPI$EBA8$UX$STANDARDLIB$REQ8$PRES8$EABIv2 0x00000000   Number         0  anon$$obj.o ABSOLUTE
    __ARM_use_no_argv                        0x00000000   Number         0  main.o ABSOLUTE
    _printf_flags                            0x00000000   Number         0  printf_stubs.o ABSOLUTE
    _printf_return_value                     0x00000000   Number         0  printf_stubs.o ABSOLUTE
    _printf_sizespec                         0x00000000   Number         0  printf_stubs.o ABSOLUTE
    _printf_widthprec                        0x00000000   Number         0  printf_stubs.o ABSOLUTE
    __ARM_exceptions_init                     - Undefined Weak Reference
    __alloca_initialize                       - Undefined Weak Reference
    __arm_preinit_                            - Undefined Weak Reference
    __cpp_initialize__aeabi_                  - Undefined Weak Reference
    __cxa_finalize                            - Undefined Weak Reference
    __rt_locale                               - Undefined Weak Reference
    __sigvec_lookup                           - Undefined Weak Reference
    _atexit_init                              - Undefined Weak Reference
    _call_atexit_fns                          - Undefined Weak Reference
    _clock_init                               - Undefined Weak Reference
    _fp_trap_init                             - Undefined Weak Reference
    _fp_trap_shutdown                         - Undefined Weak Reference
    _get_lc_collate                           - Undefined Weak Reference
    _get_lc_ctype                             - Undefined Weak Reference
    _get_lc_monetary                          - Undefined Weak Reference
    _get_lc_numeric                           - Undefined Weak Reference
    _get_lc_time                              - Undefined Weak Reference
    _getenv_init                              - Undefined Weak Reference
    _handle_redirection                       - Undefined Weak Reference
    _init_alloc                               - Undefined Weak Reference
    _init_user_alloc                          - Undefined Weak Reference
    _initio                                   - Undefined Weak Reference
    _mutex_acquire                            - Undefined Weak Reference
    _mutex_release                            - Undefined Weak Reference
    _printf_mbtowc                            - Undefined Weak Reference
    _printf_truncate_signed                   - Undefined Weak Reference
    _printf_truncate_unsigned                 - Undefined Weak Reference
    _rand_init                                - Undefined Weak Reference
    _signal_finish                            - Undefined Weak Reference
    _signal_init                              - Undefined Weak Reference
    _terminate_alloc                          - Undefined Weak Reference
    _terminate_user_alloc                     - Undefined Weak Reference
    _terminateio                              - Undefined Weak Reference
    __Vectors_Size                           0x00000130   Number         0  startup_stm32f10x_hd.o ABSOLUTE
    __Vectors                                0x08000000   Data           4  startup_stm32f10x_hd.o(RESET)
    __Vectors_End                            0x08000130   Data           0  startup_stm32f10x_hd.o(RESET)
    __main                                   0x08000131   Thumb Code     8  __main.o(!!!main)
    __scatterload                            0x08000139   Thumb Code     0  __scatter.o(!!!scatter)
    __scatterload_rt2                        0x08000139   Thumb Code    44  __scatter.o(!!!scatter)
    __scatterload_rt2_thumb_only             0x08000139   Thumb Code     0  __scatter.o(!!!scatter)
    __scatterload_null                       0x08000147   Thumb Code     0  __scatter.o(!!!scatter)
    __scatterload_copy                       0x0800016d   Thumb Code    26  __scatter_copy.o(!!handler_copy)
    __scatterload_zeroinit                   0x08000189   Thumb Code    28  __scatter_zi.o(!!handler_zi)
    _printf_d                                0x080001a5   Thumb Code     0  _printf_d.o(.ARM.Collect$$_printf_percent$$00000009)
    _printf_percent                          0x080001a5   Thumb Code     0  _printf_percent.o(.ARM.Collect$$_printf_percent$$00000000)
    _printf_s                                0x080001ab   Thumb Code     0  _printf_s.o(.ARM.Collect$$_printf_percent$$00000014)
    _printf_percent_end                      0x080001b1   Thumb Code     0  _printf_percent_end.o(.ARM.Collect$$_printf_percent$$00000017)
    __rt_lib_init                            0x080001b5   Thumb Code     0  libinit.o(.ARM.Collect$$libinit$$00000000)
    __rt_lib_init_alloca_1                   0x080001b7   Thumb Code     0  libinit2.o(.ARM.Collect$$libinit$$0000002E)
    __rt_lib_init_argv_1                     0x080001b7   Thumb Code     0  libinit2.o(.ARM.Collect$$libinit$$0000002C)
    __rt_lib_init_atexit_1                   0x080001b7   Thumb Code     0  libinit2.o(.ARM.Collect$$libinit$$0000001B)
    __rt_lib_init_clock_1                    0x080001b7   Thumb Code     0  libinit2.o(.ARM.Collect$$libinit$$00000021)
    __rt_lib_init_cpp_1                      0x080001b7   Thumb Code     0  libinit2.o(.ARM.Collect$$libinit$$00000032)
    __rt_lib_init_exceptions_1               0x080001b7   Thumb Code     0  libinit2.o(.ARM.Collect$$libinit$$00000030)
    __rt_lib_init_fp_1                       0x080001b7   Thumb Code     0  libinit2.o(.ARM.Collect$$libinit$$00000002)
    __rt_lib_init_fp_trap_1                  0x080001b7   Thumb Code     0  libinit2.o(.ARM.Collect$$libinit$$0000001F)
    __rt_lib_init_getenv_1                   0x080001b7   Thumb Code     0  libinit2.o(.ARM.Collect$$libinit$$00000023)
    __rt_lib_init_heap_1                     0x080001b7   Thumb Code     0  libinit2.o(.ARM.Collect$$libinit$$0000000A)
    __rt_lib_init_lc_collate_1               0x080001b7   Thumb Code     0  libinit2.o(.ARM.Collect$$libinit$$00000011)
    __rt_lib_init_lc_ctype_1                 0x080001b7   Thumb Code     0  libinit2.o(.ARM.Collect$$libinit$$00000013)
    __rt_lib_init_lc_monetary_1              0x080001b7   Thumb Code     0  libinit2.o(.ARM.Collect$$libinit$$00000015)
    __rt_lib_init_lc_numeric_1               0x080001b7   Thumb Code     0  libinit2.o(.ARM.Collect$$libinit$$00000017)
    __rt_lib_init_lc_time_1                  0x080001b7   Thumb Code     0  libinit2.o(.ARM.Collect$$libinit$$00000019)
    __rt_lib_init_preinit_1                  0x080001b7   Thumb Code     0  libinit2.o(.ARM.Collect$$libinit$$00000004)
    __rt_lib_init_rand_1                     0x080001b7   Thumb Code     0  libinit2.o(.ARM.Collect$$libinit$$0000000E)
    __rt_lib_init_return                     0x080001b7   Thumb Code     0  libinit2.o(.ARM.Collect$$libinit$$00000033)
    __rt_lib_init_signal_1                   0x080001b7   Thumb Code     0  libinit2.o(.ARM.Collect$$libinit$$0000001D)
    __rt_lib_init_stdio_1                    0x080001b7   Thumb Code     0  libinit2.o(.ARM.Collect$$libinit$$00000025)
    __rt_lib_init_user_alloc_1               0x080001b7   Thumb Code     0  libinit2.o(.ARM.Collect$$libinit$$0000000C)
    __rt_lib_shutdown                        0x080001b9   Thumb Code     0  libshutdown.o(.ARM.Collect$$libshutdown$$00000000)
    __rt_lib_shutdown_cpp_1                  0x080001bb   Thumb Code     0  libshutdown2.o(.ARM.Collect$$libshutdown$$00000002)
    __rt_lib_shutdown_fp_trap_1              0x080001bb   Thumb Code     0  libshutdown2.o(.ARM.Collect$$libshutdown$$00000007)
    __rt_lib_shutdown_heap_1                 0x080001bb   Thumb Code     0  libshutdown2.o(.ARM.Collect$$libshutdown$$0000000F)
    __rt_lib_shutdown_return                 0x080001bb   Thumb Code     0  libshutdown2.o(.ARM.Collect$$libshutdown$$00000010)
    __rt_lib_shutdown_signal_1               0x080001bb   Thumb Code     0  libshutdown2.o(.ARM.Collect$$libshutdown$$0000000A)
    __rt_lib_shutdown_stdio_1                0x080001bb   Thumb Code     0  libshutdown2.o(.ARM.Collect$$libshutdown$$00000004)
    __rt_lib_shutdown_user_alloc_1           0x080001bb   Thumb Code     0  libshutdown2.o(.ARM.Collect$$libshutdown$$0000000C)
    __rt_entry                               0x080001bd   Thumb Code     0  __rtentry.o(.ARM.Collect$$rtentry$$00000000)
    __rt_entry_presh_1                       0x080001bd   Thumb Code     0  __rtentry2.o(.ARM.Collect$$rtentry$$00000002)
    __rt_entry_sh                            0x080001bd   Thumb Code     0  __rtentry4.o(.ARM.Collect$$rtentry$$00000004)
    __rt_entry_li                            0x080001c3   Thumb Code     0  __rtentry2.o(.ARM.Collect$$rtentry$$0000000A)
    __rt_entry_postsh_1                      0x080001c3   Thumb Code     0  __rtentry2.o(.ARM.Collect$$rtentry$$00000009)
    __rt_entry_main                          0x080001c7   Thumb Code     0  __rtentry2.o(.ARM.Collect$$rtentry$$0000000D)
    __rt_entry_postli_1                      0x080001c7   Thumb Code     0  __rtentry2.o(.ARM.Collect$$rtentry$$0000000C)
    __rt_exit                                0x080001cf   Thumb Code     0  rtexit.o(.ARM.Collect$$rtexit$$00000000)
    __rt_exit_ls                             0x080001d1   Thumb Code     0  rtexit2.o(.ARM.Collect$$rtexit$$00000003)
    __rt_exit_prels_1                        0x080001d1   Thumb Code     0  rtexit2.o(.ARM.Collect$$rtexit$$00000002)
    __rt_exit_exit                           0x080001d5   Thumb Code     0  rtexit2.o(.ARM.Collect$$rtexit$$00000004)
    Reset_Handler                            0x080001dd   Thumb Code     8  startup_stm32f10x_hd.o(.text)
    ADC1_2_IRQHandler                        0x080001f7   Thumb Code     0  startup_stm32f10x_hd.o(.text)
    ADC3_IRQHandler                          0x080001f7   Thumb Code     0  startup_stm32f10x_hd.o(.text)
    CAN1_RX1_IRQHandler                      0x080001f7   Thumb Code     0  startup_stm32f10x_hd.o(.text)
    CAN1_SCE_IRQHandler                      0x080001f7   Thumb Code     0  startup_stm32f10x_hd.o(.text)
    DMA1_Channel1_IRQHandler                 0x080001f7   Thumb Code     0  startup_stm32f10x_hd.o(.text)
    DMA1_Channel2_IRQHandler                 0x080001f7   Thumb Code     0  startup_stm32f10x_hd.o(.text)
    DMA1_Channel3_IRQHandler                 0x080001f7   Thumb Code     0  startup_stm32f10x_hd.o(.text)
    DMA1_Channel4_IRQHandler                 0x080001f7   Thumb Code     0  startup_stm32f10x_hd.o(.text)
    DMA1_Channel5_IRQHandler                 0x080001f7   Thumb Code     0  startup_stm32f10x_hd.o(.text)
    DMA1_Channel6_IRQHandler                 0x080001f7   Thumb Code     0  startup_stm32f10x_hd.o(.text)
    DMA1_Channel7_IRQHandler                 0x080001f7   Thumb Code     0  startup_stm32f10x_hd.o(.text)
    DMA2_Channel1_IRQHandler                 0x080001f7   Thumb Code     0  startup_stm32f10x_hd.o(.text)
    DMA2_Channel2_IRQHandler                 0x080001f7   Thumb Code     0  startup_stm32f10x_hd.o(.text)
    DMA2_Channel3_IRQHandler                 0x080001f7   Thumb Code     0  startup_stm32f10x_hd.o(.text)
    DMA2_Channel4_5_IRQHandler               0x080001f7   Thumb Code     0  startup_stm32f10x_hd.o(.text)
    EXTI0_IRQHandler                         0x080001f7   Thumb Code     0  startup_stm32f10x_hd.o(.text)
    EXTI15_10_IRQHandler                     0x080001f7   Thumb Code     0  startup_stm32f10x_hd.o(.text)
    EXTI1_IRQHandler                         0x080001f7   Thumb Code     0  startup_stm32f10x_hd.o(.text)
    EXTI2_IRQHandler                         0x080001f7   Thumb Code     0  startup_stm32f10x_hd.o(.text)
    EXTI3_IRQHandler                         0x080001f7   Thumb Code     0  startup_stm32f10x_hd.o(.text)
    EXTI4_IRQHandler                         0x080001f7   Thumb Code     0  startup_stm32f10x_hd.o(.text)
    EXTI9_5_IRQHandler                       0x080001f7   Thumb Code     0  startup_stm32f10x_hd.o(.text)
    FLASH_IRQHandler                         0x080001f7   Thumb Code     0  startup_stm32f10x_hd.o(.text)
    FSMC_IRQHandler                          0x080001f7   Thumb Code     0  startup_stm32f10x_hd.o(.text)
    I2C1_ER_IRQHandler                       0x080001f7   Thumb Code     0  startup_stm32f10x_hd.o(.text)
    I2C1_EV_IRQHandler                       0x080001f7   Thumb Code     0  startup_stm32f10x_hd.o(.text)
    I2C2_ER_IRQHandler                       0x080001f7   Thumb Code     0  startup_stm32f10x_hd.o(.text)
    I2C2_EV_IRQHandler                       0x080001f7   Thumb Code     0  startup_stm32f10x_hd.o(.text)
    PVD_IRQHandler                           0x080001f7   Thumb Code     0  startup_stm32f10x_hd.o(.text)
    RCC_IRQHandler                           0x080001f7   Thumb Code     0  startup_stm32f10x_hd.o(.text)
    RTCAlarm_IRQHandler                      0x080001f7   Thumb Code     0  startup_stm32f10x_hd.o(.text)
    SDIO_IRQHandler                          0x080001f7   Thumb Code     0  startup_stm32f10x_hd.o(.text)
    SPI1_IRQHandler                          0x080001f7   Thumb Code     0  startup_stm32f10x_hd.o(.text)
    SPI2_IRQHandler                          0x080001f7   Thumb Code     0  startup_stm32f10x_hd.o(.text)
    SPI3_IRQHandler                          0x080001f7   Thumb Code     0  startup_stm32f10x_hd.o(.text)
    TAMPER_IRQHandler                        0x080001f7   Thumb Code     0  startup_stm32f10x_hd.o(.text)
    TIM1_BRK_IRQHandler                      0x080001f7   Thumb Code     0  startup_stm32f10x_hd.o(.text)
    TIM1_CC_IRQHandler                       0x080001f7   Thumb Code     0  startup_stm32f10x_hd.o(.text)
    TIM1_TRG_COM_IRQHandler                  0x080001f7   Thumb Code     0  startup_stm32f10x_hd.o(.text)
    TIM1_UP_IRQHandler                       0x080001f7   Thumb Code     0  startup_stm32f10x_hd.o(.text)
    TIM3_IRQHandler                          0x080001f7   Thumb Code     0  startup_stm32f10x_hd.o(.text)
    TIM4_IRQHandler                          0x080001f7   Thumb Code     0  startup_stm32f10x_hd.o(.text)
    TIM6_IRQHandler                          0x080001f7   Thumb Code     0  startup_stm32f10x_hd.o(.text)
    TIM7_IRQHandler                          0x080001f7   Thumb Code     0  startup_stm32f10x_hd.o(.text)
    TIM8_BRK_IRQHandler                      0x080001f7   Thumb Code     0  startup_stm32f10x_hd.o(.text)
    TIM8_CC_IRQHandler                       0x080001f7   Thumb Code     0  startup_stm32f10x_hd.o(.text)
    TIM8_TRG_COM_IRQHandler                  0x080001f7   Thumb Code     0  startup_stm32f10x_hd.o(.text)
    TIM8_UP_IRQHandler                       0x080001f7   Thumb Code     0  startup_stm32f10x_hd.o(.text)
    UART5_IRQHandler                         0x080001f7   Thumb Code     0  startup_stm32f10x_hd.o(.text)
    USART1_IRQHandler                        0x080001f7   Thumb Code     0  startup_stm32f10x_hd.o(.text)
    USART2_IRQHandler                        0x080001f7   Thumb Code     0  startup_stm32f10x_hd.o(.text)
    USART3_IRQHandler                        0x080001f7   Thumb Code     0  startup_stm32f10x_hd.o(.text)
    USBWakeUp_IRQHandler                     0x080001f7   Thumb Code     0  startup_stm32f10x_hd.o(.text)
    USB_HP_CAN1_TX_IRQHandler                0x080001f7   Thumb Code     0  startup_stm32f10x_hd.o(.text)
    USB_LP_CAN1_RX0_IRQHandler               0x080001f7   Thumb Code     0  startup_stm32f10x_hd.o(.text)
    WWDG_IRQHandler                          0x080001f7   Thumb Code     0  startup_stm32f10x_hd.o(.text)
    __user_initial_stackheap                 0x080001f9   Thumb Code     0  startup_stm32f10x_hd.o(.text)
    __use_no_semihosting                     0x0800021d   Thumb Code     2  use_no_semi_2.o(.text)
    __2printf                                0x08000221   Thumb Code    20  noretval__2printf.o(.text)
    __2sprintf                               0x08000239   Thumb Code    34  noretval__2sprintf.o(.text)
    _printf_str                              0x08000261   Thumb Code    82  _printf_str.o(.text)
    _printf_int_dec                          0x080002b5   Thumb Code   104  _printf_dec.o(.text)
    __printf                                 0x0800032d   Thumb Code   308  __printf_flags_wp.o(.text)
    strstr                                   0x08000465   Thumb Code    36  strstr.o(.text)
    strlen                                   0x08000489   Thumb Code    62  strlen.o(.text)
    __aeabi_memcpy                           0x080004c7   Thumb Code     0  rt_memcpy_v6.o(.text)
    __rt_memcpy                              0x080004c7   Thumb Code   138  rt_memcpy_v6.o(.text)
    _memcpy_lastbytes                        0x0800052d   Thumb Code     0  rt_memcpy_v6.o(.text)
    __aeabi_memset                           0x08000551   Thumb Code    16  aeabi_memset.o(.text)
    __aeabi_memclr                           0x08000561   Thumb Code     0  rt_memclr.o(.text)
    __rt_memclr                              0x08000561   Thumb Code    68  rt_memclr.o(.text)
    _memset                                  0x08000565   Thumb Code     0  rt_memclr.o(.text)
    __aeabi_memclr4                          0x080005a5   Thumb Code     0  rt_memclr_w.o(.text)
    __aeabi_memclr8                          0x080005a5   Thumb Code     0  rt_memclr_w.o(.text)
    __rt_memclr_w                            0x080005a5   Thumb Code    78  rt_memclr_w.o(.text)
    _memset_w                                0x080005a9   Thumb Code     0  rt_memclr_w.o(.text)
    __use_two_region_memory                  0x080005f3   Thumb Code     2  heapauxi.o(.text)
    __rt_heap_escrow$2region                 0x080005f5   Thumb Code     2  heapauxi.o(.text)
    __rt_heap_expand$2region                 0x080005f7   Thumb Code     2  heapauxi.o(.text)
    __I$use$semihosting                      0x080005f9   Thumb Code     0  use_no_semi.o(.text)
    __use_no_semihosting_swi                 0x080005f9   Thumb Code     2  use_no_semi.o(.text)
    _printf_int_common                       0x080005fb   Thumb Code   178  _printf_intcommon.o(.text)
    _printf_char_common                      0x080006b7   Thumb Code    32  _printf_char_common.o(.text)
    _sputc                                   0x080006dd   Thumb Code    10  _sputc.o(.text)
    _printf_cs_common                        0x080006e7   Thumb Code    20  _printf_char.o(.text)
    _printf_char                             0x080006fb   Thumb Code    16  _printf_char.o(.text)
    _printf_string                           0x0800070b   Thumb Code     8  _printf_char.o(.text)
    _printf_char_file                        0x08000715   Thumb Code    32  _printf_char_file.o(.text)
    __aeabi_memcpy4                          0x08000739   Thumb Code     0  rt_memcpy_w.o(.text)
    __aeabi_memcpy8                          0x08000739   Thumb Code     0  rt_memcpy_w.o(.text)
    __rt_memcpy_w                            0x08000739   Thumb Code   100  rt_memcpy_w.o(.text)
    _memcpy_lastbytes_aligned                0x08000781   Thumb Code     0  rt_memcpy_w.o(.text)
    ferror                                   0x0800079d   Thumb Code     8  ferror.o(.text)
    __user_setup_stackheap                   0x080007a5   Thumb Code    74  sys_stackheap_outer.o(.text)
    exit                                     0x080007ef   Thumb Code    18  exit.o(.text)
    __user_libspace                          0x08000801   Thumb Code     8  libspace.o(.text)
    __user_perproc_libspace                  0x08000801   Thumb Code     0  libspace.o(.text)
    __user_perthread_libspace                0x08000801   Thumb Code     0  libspace.o(.text)
    Air_conditionProcess                     0x08000809   Thumb Code   404  stm32app.o(i.Air_conditionProcess)
    AlarmProcess                             0x080009e5   Thumb Code   126  stm32app.o(i.AlarmProcess)
    BusFault_Handler                         0x08000a9d   Thumb Code    10  stm32f10x_it.o(i.BusFault_Handler)
    Buzzer_Init                              0x08000ac5   Thumb Code    26  hal_buzzer.o(i.Buzzer_Init)
    CloudProcess                             0x08000ae9   Thumb Code   358  stm32app.o(i.CloudProcess)
    ClrAtRxBuf                               0x08000d01   Thumb Code    24  hal_wifitocloud.o(i.ClrAtRxBuf)
    ConnectCloudProcess                      0x08000d25   Thumb Code   110  stm32app.o(i.ConnectCloudProcess)
    ConnectToServer                          0x08000e4d   Thumb Code   300  wifitocloud.o(i.ConnectToServer)
    Convert_BcdToHex                         0x08001085   Thumb Code    58  pcf8563.o(i.Convert_BcdToHex)
    DebugMon_Handler                         0x080010bf   Thumb Code     2  stm32f10x_it.o(i.DebugMon_Handler)
    ERROR_Message                            0x080010c1   Thumb Code   118  stm32app.o(i.ERROR_Message)
    ESP8266_GetIpData                        0x0800118d   Thumb Code    88  wifitocloud.o(i.ESP8266_GetIpData)
    ESP8266_IpSend                           0x08001219   Thumb Code   138  wifitocloud.o(i.ESP8266_IpSend)
    ESP8266_IpStart                          0x080012c9   Thumb Code    78  wifitocloud.o(i.ESP8266_IpStart)
    ESP8266_SetAP                            0x08001341   Thumb Code    78  wifitocloud.o(i.ESP8266_SetAP)
    ESP8266_SetStation                       0x080013b5   Thumb Code    40  wifitocloud.o(i.ESP8266_SetStation)
    GPIO_Init                                0x080013f9   Thumb Code   278  stm32f10x_gpio.o(i.GPIO_Init)
    GPIO_ReadOutputDataBit                   0x0800150f   Thumb Code    18  stm32f10x_gpio.o(i.GPIO_ReadOutputDataBit)
    GPIO_SetBits                             0x08001521   Thumb Code     4  stm32f10x_gpio.o(i.GPIO_SetBits)
    HC595_GpioInit                           0x08001525   Thumb Code    64  74hc595.o(i.HC595_GpioInit)
    HalBuzzerBlink                           0x08001579   Thumb Code   162  hal_buzzer.o(i.HalBuzzerBlink)
    HalBuzzerBlinkProcess                    0x08001621   Thumb Code    82  hal_buzzer.o(i.HalBuzzerBlinkProcess)
    HalBuzzerOnOff                           0x0800167d   Thumb Code    26  hal_buzzer.o(i.HalBuzzerOnOff)
    HardFault_Handler                        0x0800169d   Thumb Code    10  stm32f10x_it.o(i.HardFault_Handler)
    IIC1_Ack                                 0x080016c5   Thumb Code    58  hal_iic1.o(i.IIC1_Ack)
    IIC1_Init                                0x0800170d   Thumb Code    48  hal_iic1.o(i.IIC1_Init)
    IIC1_NoAck                               0x08001749   Thumb Code    60  hal_iic1.o(i.IIC1_NoAck)
    IIC1_ReadByte                            0x08001791   Thumb Code    74  hal_iic1.o(i.IIC1_ReadByte)
    IIC1_RecAck                              0x080017e9   Thumb Code    74  hal_iic1.o(i.IIC1_RecAck)
    IIC1_Start                               0x0800183d   Thumb Code    70  hal_iic1.o(i.IIC1_Start)
    IIC1_Stop                                0x08001891   Thumb Code    82  hal_iic1.o(i.IIC1_Stop)
    IIC1_WriteByte                           0x080018f1   Thumb Code    90  hal_iic1.o(i.IIC1_WriteByte)
    IIC1_WriteSlaveAddr                      0x08001959   Thumb Code   102  hal_iic1.o(i.IIC1_WriteSlaveAddr)
    IIC_Init                                 0x080019c9   Thumb Code    48  hal_iic.o(i.IIC_Init)
    IIC_ReadByte                             0x08001a05   Thumb Code   130  hal_iic.o(i.IIC_ReadByte)
    IIC_Start                                0x08001a95   Thumb Code    54  hal_iic.o(i.IIC_Start)
    IIC_Stop                                 0x08001ad5   Thumb Code    48  hal_iic.o(i.IIC_Stop)
    IIC_WriteByte                            0x08001b0d   Thumb Code   178  hal_iic.o(i.IIC_WriteByte)
    IR_HandleProcess                         0x08001bcd   Thumb Code   396  stm32app.o(i.IR_HandleProcess)
    IR_RemoteScan                            0x08001d79   Thumb Code    82  remote.o(i.IR_RemoteScan)
    KEY_HandleProcess                        0x08001dd9   Thumb Code    22  stm32app.o(i.KEY_HandleProcess)
    KEY_ScanTriggerOnce                      0x08001df9   Thumb Code    42  hal_key.o(i.KEY_ScanTriggerOnce)
    LCD_Clr                                  0x08001e2d   Thumb Code    70  lcd12864.o(i.LCD_Clr)
    LCD_ClrDispAirConRun                     0x08001e75   Thumb Code    44  stm32app.o(i.LCD_ClrDispAirConRun)
    LCD_DispFullImg                          0x08001eb1   Thumb Code    62  lcd12864.o(i.LCD_DispFullImg)
    LCD_DispImg                              0x08001eef   Thumb Code   106  lcd12864.o(i.LCD_DispImg)
    LCD_DisplayProcess                       0x08001f59   Thumb Code    66  stm32app.o(i.LCD_DisplayProcess)
    LCD_GpioInit                             0x08001fb5   Thumb Code   326  lcd12864.o(i.LCD_GpioInit)
    LCD_Init                                 0x08002111   Thumb Code    70  lcd12864.o(i.LCD_Init)
    LCD_Select                               0x08002169   Thumb Code    74  lcd12864.o(i.LCD_Select)
    LCD_WrCmd                                0x080021bd   Thumb Code    42  lcd12864.o(i.LCD_WrCmd)
    LCD_WrData                               0x080021f5   Thumb Code    44  lcd12864.o(i.LCD_WrData)
    LCD_WriteChinese                         0x0800222d   Thumb Code    24  lcd12864.o(i.LCD_WriteChinese)
    LCD_WriteChineseString                   0x08002245   Thumb Code    46  lcd12864.o(i.LCD_WriteChineseString)
    LCD_WriteDataPort                        0x08002275   Thumb Code   348  lcd12864.o(i.LCD_WriteDataPort)
    LCD_WriteEnglish                         0x080023e1   Thumb Code    96  lcd12864.o(i.LCD_WriteEnglish)
    LCD_WriteEnglishString                   0x08002445   Thumb Code    86  lcd12864.o(i.LCD_WriteEnglishString)
    LED_TubeMessage                          0x0800249d   Thumb Code  1352  stm32app.o(i.LED_TubeMessage)
    MY_NVIC_Init                             0x080029f1   Thumb Code    42  sys.o(i.MY_NVIC_Init)
    MY_NVIC_PriorityGroup_Config             0x08002a1b   Thumb Code    12  sys.o(i.MY_NVIC_PriorityGroup_Config)
    MemManage_Handler                        0x08002a29   Thumb Code    10  stm32f10x_it.o(i.MemManage_Handler)
    NMI_Handler                              0x08002a51   Thumb Code     2  stm32f10x_it.o(i.NMI_Handler)
    NTC_temperatureProcess                   0x08002a55   Thumb Code    14  stm32app.o(i.NTC_temperatureProcess)
    NVIC_Init                                0x08002a69   Thumb Code   100  misc.o(i.NVIC_Init)
    NVIC_PriorityGroupConfig                 0x08002ad9   Thumb Code    10  misc.o(i.NVIC_PriorityGroupConfig)
    PCF8563_GetTime                          0x08002b11   Thumb Code   164  pcf8563.o(i.PCF8563_GetTime)
    PCF8563_Init                             0x08002bb5   Thumb Code   182  pcf8563.o(i.PCF8563_Init)
    PCF8563_ReadBytes                        0x08002c8d   Thumb Code    68  pcf8563.o(i.PCF8563_ReadBytes)
    PCF8563_Start                            0x08002cd1   Thumb Code    12  pcf8563.o(i.PCF8563_Start)
    PCF8563_WirteTime                        0x08002cdd   Thumb Code    86  pcf8563.o(i.PCF8563_WirteTime)
    PCF8563_WriteByte                        0x08002d33   Thumb Code    30  pcf8563.o(i.PCF8563_WriteByte)
    PCF8591_ReadChannel                      0x08002d51   Thumb Code   210  pcf8591.o(i.PCF8591_ReadChannel)
    PendSV_Handler                           0x08002e29   Thumb Code     2  stm32f10x_it.o(i.PendSV_Handler)
    PowerOffDisplay                          0x08002e2d   Thumb Code    54  stm32app.o(i.PowerOffDisplay)
    RCC_APB1PeriphClockCmd                   0x08002e6d   Thumb Code    26  stm32f10x_rcc.o(i.RCC_APB1PeriphClockCmd)
    RCC_APB1PeriphResetCmd                   0x08002e8d   Thumb Code    26  stm32f10x_rcc.o(i.RCC_APB1PeriphResetCmd)
    RCC_APB2PeriphClockCmd                   0x08002ead   Thumb Code    26  stm32f10x_rcc.o(i.RCC_APB2PeriphClockCmd)
    RCC_APB2PeriphResetCmd                   0x08002ecd   Thumb Code    26  stm32f10x_rcc.o(i.RCC_APB2PeriphResetCmd)
    RCC_GetClocksFreq                        0x08002eed   Thumb Code   192  stm32f10x_rcc.o(i.RCC_GetClocksFreq)
    RTC_ClearITPendingBit                    0x08002fc1   Thumb Code    12  stm32f10x_rtc.o(i.RTC_ClearITPendingBit)
    RTC_GetITStatus                          0x08002fd1   Thumb Code    32  stm32f10x_rtc.o(i.RTC_GetITStatus)
    RTC_IRQHandler                           0x08002ff5   Thumb Code    18  dateandtime.o(i.RTC_IRQHandler)
    Remote_Init                              0x08003009   Thumb Code   172  remote.o(i.Remote_Init)
    Remote_Scan                              0x080030bd   Thumb Code    92  remote.o(i.Remote_Scan)
    SE_SendSensor2                           0x08003125   Thumb Code   170  stm32app.o(i.SE_SendSensor2)
    SE_SendSensor3                           0x080031f9   Thumb Code   178  stm32app.o(i.SE_SendSensor3)
    STM32_GPIOx_Init                         0x080032d5   Thumb Code    48  sys.o(i.STM32_GPIOx_Init)
    SVC_Handler                              0x08003305   Thumb Code     2  stm32f10x_it.o(i.SVC_Handler)
    SendAtCmd                                0x08003309   Thumb Code    24  hal_wifitocloud.o(i.SendAtCmd)
    SendStrLen                               0x08003325   Thumb Code    16  hal_wifitocloud.o(i.SendStrLen)
    SysTick_Handler                          0x0800341d   Thumb Code     2  stm32f10x_it.o(i.SysTick_Handler)
    SystemInit                               0x08003421   Thumb Code    78  system_stm32f10x.o(i.SystemInit)
    TIM2_IRQHandler                          0x080036c1   Thumb Code   220  hal_timer2.o(i.TIM2_IRQHandler)
    TIM2_Init                                0x080037c1   Thumb Code   140  hal_timer2.o(i.TIM2_Init)
    TIM5_IRQHandler                          0x08003861   Thumb Code   384  remote.o(i.TIM5_IRQHandler)
    TIM_ClearFlag                            0x080039f9   Thumb Code     6  stm32f10x_tim.o(i.TIM_ClearFlag)
    TIM_ClearITPendingBit                    0x080039ff   Thumb Code     6  stm32f10x_tim.o(i.TIM_ClearITPendingBit)
    TIM_Cmd                                  0x08003a05   Thumb Code    24  stm32f10x_tim.o(i.TIM_Cmd)
    TIM_GetCapture1                          0x08003a1d   Thumb Code     6  stm32f10x_tim.o(i.TIM_GetCapture1)
    TIM_GetITStatus                          0x08003a23   Thumb Code    34  stm32f10x_tim.o(i.TIM_GetITStatus)
    TIM_ICInit                               0x08003a45   Thumb Code   150  stm32f10x_tim.o(i.TIM_ICInit)
    TIM_ITConfig                             0x08003af1   Thumb Code    18  stm32f10x_tim.o(i.TIM_ITConfig)
    TIM_OC1Init                              0x08003b05   Thumb Code   132  stm32f10x_tim.o(i.TIM_OC1Init)
    TIM_OC1PolarityConfig                    0x08003b9d   Thumb Code    18  stm32f10x_tim.o(i.TIM_OC1PolarityConfig)
    TIM_OC1PreloadConfig                     0x08003baf   Thumb Code    18  stm32f10x_tim.o(i.TIM_OC1PreloadConfig)
    TIM_PrescalerConfig                      0x08003bc1   Thumb Code     6  stm32f10x_tim.o(i.TIM_PrescalerConfig)
    TIM_SetCompare1                          0x08003bc7   Thumb Code     4  stm32f10x_tim.o(i.TIM_SetCompare1)
    TIM_SetCounter                           0x08003bcb   Thumb Code     4  stm32f10x_tim.o(i.TIM_SetCounter)
    TIM_SetIC1Prescaler                      0x08003bcf   Thumb Code    18  stm32f10x_tim.o(i.TIM_SetIC1Prescaler)
    TIM_SetIC2Prescaler                      0x08003be1   Thumb Code    26  stm32f10x_tim.o(i.TIM_SetIC2Prescaler)
    TIM_SetIC3Prescaler                      0x08003bfb   Thumb Code    18  stm32f10x_tim.o(i.TIM_SetIC3Prescaler)
    TIM_SetIC4Prescaler                      0x08003c0d   Thumb Code    26  stm32f10x_tim.o(i.TIM_SetIC4Prescaler)
    TIM_TimeBaseInit                         0x08003c29   Thumb Code   122  stm32f10x_tim.o(i.TIM_TimeBaseInit)
    Time_CheckValidity                       0x08003ccd   Thumb Code   230  pcf8563.o(i.Time_CheckValidity)
    UART4_IRQHandler                         0x08003dbd   Thumb Code    66  hal_uart4.o(i.UART4_IRQHandler)
    UART4_Init                               0x08003e15   Thumb Code   180  hal_uart4.o(i.UART4_Init)
    UART4_SendData                           0x08003ed1   Thumb Code    28  hal_uart4.o(i.UART4_SendData)
    UART4_SendStrlen                         0x08003ef1   Thumb Code    28  hal_uart4.o(i.UART4_SendStrlen)
    USART1_Init                              0x08003f0d   Thumb Code   130  hal_usart1.o(i.USART1_Init)
    USART_Cmd                                0x08003f99   Thumb Code    24  stm32f10x_usart.o(i.USART_Cmd)
    USART_DeInit                             0x08003fb1   Thumb Code   134  stm32f10x_usart.o(i.USART_DeInit)
    USART_GetITStatus                        0x0800404d   Thumb Code    84  stm32f10x_usart.o(i.USART_GetITStatus)
    USART_ITConfig                           0x080040a1   Thumb Code    74  stm32f10x_usart.o(i.USART_ITConfig)
    USART_Init                               0x080040ed   Thumb Code   210  stm32f10x_usart.o(i.USART_Init)
    USART_ReceiveData                        0x080041c5   Thumb Code    10  stm32f10x_usart.o(i.USART_ReceiveData)
    USART_SendData                           0x080041cf   Thumb Code     8  stm32f10x_usart.o(i.USART_SendData)
    USER_DataAnalysisProcess                 0x080041d9   Thumb Code   680  stm32app.o(i.USER_DataAnalysisProcess)
    USER_GetJsonValue                        0x08004649   Thumb Code   116  stm32app.o(i.USER_GetJsonValue)
    USER_GetTempJsonValue                    0x080046c9   Thumb Code   230  stm32app.o(i.USER_GetTempJsonValue)
    UsageFault_Handler                       0x080047bd   Thumb Code    10  stm32f10x_it.o(i.UsageFault_Handler)
    WORKSTATION_Message                      0x080047e9   Thumb Code   848  stm32app.o(i.WORKSTATION_Message)
    WorkStaSwitch                            0x08004b7d   Thumb Code   578  stm32app.o(i.WorkStaSwitch)
    _is_digit                                0x08004e05   Thumb Code    14  __printf_wp.o(i._is_digit)
    _sys_exit                                0x08004e13   Thumb Code     6  hal_usart1.o(i._sys_exit)
    calculateResValue                        0x08004e19   Thumb Code   104  ntcthermistor.o(i.calculateResValue)
    calculateTemperature                     0x08004e8d   Thumb Code   112  ntcthermistor.o(i.calculateTemperature)
    dataTransfer                             0x08004f01   Thumb Code   108  sys.o(i.dataTransfer)
    delay_init                               0x08004f6d   Thumb Code    26  delay.o(i.delay_init)
    delay_us                                 0x08004f91   Thumb Code    62  delay.o(i.delay_us)
    fputc                                    0x08004fdd   Thumb Code    24  hal_usart1.o(i.fputc)
    getTemperature                           0x08004ff9   Thumb Code    34  ntcthermistor.o(i.getTemperature)
    hc595_out_for_int                        0x0800501d   Thumb Code   126  74hc595.o(i.hc595_out_for_int)
    keyInit                                  0x080050a9   Thumb Code    52  hal_key.o(i.keyInit)
    keyScanInd                               0x080050e1   Thumb Code   102  hal_key.o(i.keyScanInd)
    led_scan                                 0x08005155   Thumb Code    86  lednixietube.o(i.led_scan)
    main                                     0x080051bd   Thumb Code    64  main.o(i.main)
    set_led_dispbuf                          0x080051fd   Thumb Code    34  lednixietube.o(i.set_led_dispbuf)
    simpleAppInit                            0x08005225   Thumb Code   222  stm32app.o(i.simpleAppInit)
    simpleAppProcess                         0x0800535d   Thumb Code   172  stm32app.o(i.simpleAppProcess)
    __aeabi_d2f                              0x08005451   Thumb Code     0  d2f.o(x$fpl$d2f)
    _d2f                                     0x08005451   Thumb Code    98  d2f.o(x$fpl$d2f)
    __aeabi_dadd                             0x080054b5   Thumb Code     0  daddsub_clz.o(x$fpl$dadd)
    _dadd                                    0x080054b5   Thumb Code   332  daddsub_clz.o(x$fpl$dadd)
    __aeabi_ddiv                             0x08005605   Thumb Code     0  ddiv.o(x$fpl$ddiv)
    _ddiv                                    0x08005605   Thumb Code   552  ddiv.o(x$fpl$ddiv)
    __aeabi_d2uiz                            0x080058b5   Thumb Code     0  dfixu.o(x$fpl$dfixu)
    _dfixu                                   0x080058b5   Thumb Code    90  dfixu.o(x$fpl$dfixu)
    __aeabi_ui2d                             0x0800590f   Thumb Code     0  dflt_clz.o(x$fpl$dfltu)
    _dfltu                                   0x0800590f   Thumb Code    38  dflt_clz.o(x$fpl$dfltu)
    __aeabi_dmul                             0x08005935   Thumb Code     0  dmul.o(x$fpl$dmul)
    _dmul                                    0x08005935   Thumb Code   332  dmul.o(x$fpl$dmul)
    __fpl_dnaninf                            0x08005a89   Thumb Code   156  dnaninf.o(x$fpl$dnaninf)
    __fpl_dretinf                            0x08005b25   Thumb Code    12  dretinf.o(x$fpl$dretinf)
    __aeabi_drsub                            0x08005b31   Thumb Code     0  daddsub_clz.o(x$fpl$drsb)
    _drsb                                    0x08005b31   Thumb Code    22  daddsub_clz.o(x$fpl$drsb)
    __aeabi_dsub                             0x08005b49   Thumb Code     0  daddsub_clz.o(x$fpl$dsub)
    _dsub                                    0x08005b49   Thumb Code   464  daddsub_clz.o(x$fpl$dsub)
    __aeabi_f2d                              0x08005d1d   Thumb Code     0  f2d.o(x$fpl$f2d)
    _f2d                                     0x08005d1d   Thumb Code    86  f2d.o(x$fpl$f2d)
    __aeabi_i2f                              0x08005d75   Thumb Code     0  fflt_clz.o(x$fpl$fflt)
    _fflt                                    0x08005d75   Thumb Code    48  fflt_clz.o(x$fpl$fflt)
    __fpl_fnaninf                            0x08005da5   Thumb Code   140  fnaninf.o(x$fpl$fnaninf)
    __fpl_fretinf                            0x08005e31   Thumb Code    10  fretinf.o(x$fpl$fretinf)
    __I$use$fp                               0x08005e3a   Number         0  usenofp.o(x$fpl$usenofp)
    newLandEduLogo                           0x08005e3a   Data        1024  stm32app.o(.constdata)
    newLandEdu                               0x0800623a   Data         160  stm32app.o(.constdata)
    KongTiaoKongZhiXiTong                    0x080062da   Data         192  stm32app.o(.constdata)
    shangXianZhi                             0x0800639a   Data         128  stm32app.o(.constdata)
    xiaXianZhi                               0x0800641a   Data         128  stm32app.o(.constdata)
    WenDu                                    0x0800649a   Data          64  stm32app.o(.constdata)
    spch_sheShiDu                            0x080064da   Data          32  stm32app.o(.constdata)
    sheZhiShangXianZhi                       0x080064fa   Data         160  stm32app.o(.constdata)
    sheZhiXiaXianZhi                         0x0800659a   Data         160  stm32app.o(.constdata)
    sheZhi                                   0x0800663a   Data          64  stm32app.o(.constdata)
    RTC_Nian                                 0x0800667a   Data          32  stm32app.o(.constdata)
    RTC_Yue                                  0x0800669a   Data          32  stm32app.o(.constdata)
    RTC_Ri                                   0x080066ba   Data          32  stm32app.o(.constdata)
    RTC_Shi                                  0x080066da   Data          32  stm32app.o(.constdata)
    RTC_Fen                                  0x080066fa   Data          32  stm32app.o(.constdata)
    RTC_Miao                                 0x0800671a   Data          32  stm32app.o(.constdata)
    ERR_FaZhi                                0x0800673a   Data          64  stm32app.o(.constdata)
    ERR_ChongTu                              0x0800677a   Data          64  stm32app.o(.constdata)
    ERR_TingZhi                              0x080067ba   Data          64  stm32app.o(.constdata)
    ERR_YunXing                              0x080067fa   Data          64  stm32app.o(.constdata)
    IND_FengShan                             0x0800683a   Data          64  stm32app.o(.constdata)
    IND_ZhiLeng                              0x0800687a   Data          64  stm32app.o(.constdata)
    IND_JiaRe                                0x080068ba   Data          64  stm32app.o(.constdata)
    IND_ShiKong                              0x080068fa   Data          64  stm32app.o(.constdata)
    IND_JingGao                              0x0800693a   Data          64  stm32app.o(.constdata)
    font8x16                                 0x0800697a   Data        1520  lcd12864.o(.constdata)
    ledseg_tab                               0x08006f6a   Data          32  lednixietube.o(.constdata)
    com_tab                                  0x08006f8a   Data           8  lednixietube.o(.constdata)
    RES_TEMP_Table                           0x08006f94   Data         564  ntcthermistor.o(.constdata)
    RTC_InitTime                             0x080071c8   Data           7  pcf8563.o(.constdata)
    RTC_NonLeapMonth                         0x080071cf   Data          13  pcf8563.o(.constdata)
    RTC_LeapMonth                            0x080071dc   Data          13  pcf8563.o(.constdata)
    Region$$Table$$Base                      0x080072a0   Number         0  anon$$obj.o(Region$$Table)
    Region$$Table$$Limit                     0x080072c0   Number         0  anon$$obj.o(Region$$Table)
    upTemp                                   0x20000000   Data           1  stm32app.o(.data)
    downTemp                                 0x20000001   Data           1  stm32app.o(.data)
    work                                     0x20000002   Data           1  stm32app.o(.data)
    oldWork                                  0x20000003   Data           1  stm32app.o(.data)
    F_Error                                  0x20000004   Data           1  stm32app.o(.data)
    systemPowerOnOff                         0x20000005   Data           1  stm32app.o(.data)
    RTC_BCD_Buf                              0x20000006   Data           7  stm32app.o(.data)
    RTC_Buf                                  0x2000000d   Data           7  stm32app.o(.data)
    buf_led                                  0x20000014   Data           8  stm32app.o(.data)
    temperature1                             0x2000001c   Data           1  stm32app.o(.data)
    secondTemp                               0x2000001d   Data           1  stm32app.o(.data)
    RTC_SecondOld                            0x2000001e   Data           1  stm32app.o(.data)
    RTC_Second                               0x2000001f   Data           1  stm32app.o(.data)
    RTC_TestBuf                              0x20000020   Data           7  stm32app.o(.data)
    alarm                                    0x20000027   Data           1  stm32app.o(.data)
    T_ALARM_MS_OLD                           0x20000028   Data           2  stm32app.o(.data)
    Buzzer_State                             0x2000002c   Data           8  hal_buzzer.o(.data)
    NVIC_InitStructure                       0x20000038   Data           4  hal_timer2.o(.data)
    capture                                  0x2000003c   Data           2  hal_timer2.o(.data)
    T_X_MS                                   0x2000003e   Data           2  hal_timer2.o(.data)
    T_Y_MS                                   0x20000040   Data           2  hal_timer2.o(.data)
    T_Z_MS                                   0x20000042   Data           2  hal_timer2.o(.data)
    T_NET_MS                                 0x20000044   Data           2  hal_timer2.o(.data)
    T_ALARM_MS                               0x20000046   Data           2  hal_timer2.o(.data)
    UART4_RX_COUNT                           0x20000048   Data           2  hal_uart4.o(.data)
    F_UART4_RX_FINISH                        0x2000004a   Data           1  hal_uart4.o(.data)
    F_UART4_RX_RECEIVING                     0x2000004b   Data           1  hal_uart4.o(.data)
    UART4_RX_TIMEOUT_COUNT                   0x2000004c   Data           1  hal_uart4.o(.data)
    __stdout                                 0x20000050   Data           4  hal_usart1.o(.data)
    SystemCoreClock                          0x20000054   Data           4  system_stm32f10x.o(.data)
    AHBPrescTable                            0x20000058   Data          16  system_stm32f10x.o(.data)
    Ledbuf                                   0x2000007d   Data           8  lednixietube.o(.data)
    RmtSta                                   0x20000088   Data           1  remote.o(.data)
    RmtCnt                                   0x20000089   Data           1  remote.o(.data)
    Dval                                     0x2000008a   Data           2  remote.o(.data)
    RmtRec                                   0x2000008c   Data           4  remote.o(.data)
    RTC_TimeTemp                             0x20000094   Data          32  stm32app.o(.bss)
    TIM_TimeBaseStructure                    0x200000c8   Data          10  hal_timer2.o(.bss)
    TIM_OCInitStructure                      0x200000d2   Data          16  hal_timer2.o(.bss)
    UART4_RX_BUF                             0x200000e2   Data         256  hal_uart4.o(.bss)
    __libspace_start                         0x200001e4   Data          96  libspace.o(.bss)
    __temporary_stack_top$libspace           0x20000244   Data           0  libspace.o(.bss)



==============================================================================

Memory Map of the image

  Image Entry point : 0x08000131

  Load Region LR_IROM1 (Base: 0x08000000, Size: 0x00007354, Max: 0x00080000, ABSOLUTE)

    Execution Region ER_IROM1 (Exec base: 0x08000000, Load base: 0x08000000, Size: 0x000072c0, Max: 0x00080000, ABSOLUTE)

    Exec Addr    Load Addr    Size         Type   Attr      Idx    E Section Name        Object

    0x08000000   0x08000000   0x00000130   Data   RO          723    RESET               startup_stm32f10x_hd.o
    0x08000130   0x08000130   0x00000008   Code   RO         3254  * !!!main             c_w.l(__main.o)
    0x08000138   0x08000138   0x00000034   Code   RO         3469    !!!scatter          c_w.l(__scatter.o)
    0x0800016c   0x0800016c   0x0000001a   Code   RO         3471    !!handler_copy      c_w.l(__scatter_copy.o)
    0x08000186   0x08000186   0x00000002   PAD
    0x08000188   0x08000188   0x0000001c   Code   RO         3473    !!handler_zi        c_w.l(__scatter_zi.o)
    0x080001a4   0x080001a4   0x00000000   Code   RO         3239    .ARM.Collect$$_printf_percent$$00000000  c_w.l(_printf_percent.o)
    0x080001a4   0x080001a4   0x00000006   Code   RO         3238    .ARM.Collect$$_printf_percent$$00000009  c_w.l(_printf_d.o)
    0x080001aa   0x080001aa   0x00000006   Code   RO         3236    .ARM.Collect$$_printf_percent$$00000014  c_w.l(_printf_s.o)
    0x080001b0   0x080001b0   0x00000004   Code   RO         3301    .ARM.Collect$$_printf_percent$$00000017  c_w.l(_printf_percent_end.o)
    0x080001b4   0x080001b4   0x00000002   Code   RO         3343    .ARM.Collect$$libinit$$00000000  c_w.l(libinit.o)
    0x080001b6   0x080001b6   0x00000000   Code   RO         3350    .ARM.Collect$$libinit$$00000002  c_w.l(libinit2.o)
    0x080001b6   0x080001b6   0x00000000   Code   RO         3352    .ARM.Collect$$libinit$$00000004  c_w.l(libinit2.o)
    0x080001b6   0x080001b6   0x00000000   Code   RO         3355    .ARM.Collect$$libinit$$0000000A  c_w.l(libinit2.o)
    0x080001b6   0x080001b6   0x00000000   Code   RO         3357    .ARM.Collect$$libinit$$0000000C  c_w.l(libinit2.o)
    0x080001b6   0x080001b6   0x00000000   Code   RO         3359    .ARM.Collect$$libinit$$0000000E  c_w.l(libinit2.o)
    0x080001b6   0x080001b6   0x00000000   Code   RO         3362    .ARM.Collect$$libinit$$00000011  c_w.l(libinit2.o)
    0x080001b6   0x080001b6   0x00000000   Code   RO         3364    .ARM.Collect$$libinit$$00000013  c_w.l(libinit2.o)
    0x080001b6   0x080001b6   0x00000000   Code   RO         3366    .ARM.Collect$$libinit$$00000015  c_w.l(libinit2.o)
    0x080001b6   0x080001b6   0x00000000   Code   RO         3368    .ARM.Collect$$libinit$$00000017  c_w.l(libinit2.o)
    0x080001b6   0x080001b6   0x00000000   Code   RO         3370    .ARM.Collect$$libinit$$00000019  c_w.l(libinit2.o)
    0x080001b6   0x080001b6   0x00000000   Code   RO         3372    .ARM.Collect$$libinit$$0000001B  c_w.l(libinit2.o)
    0x080001b6   0x080001b6   0x00000000   Code   RO         3374    .ARM.Collect$$libinit$$0000001D  c_w.l(libinit2.o)
    0x080001b6   0x080001b6   0x00000000   Code   RO         3376    .ARM.Collect$$libinit$$0000001F  c_w.l(libinit2.o)
    0x080001b6   0x080001b6   0x00000000   Code   RO         3378    .ARM.Collect$$libinit$$00000021  c_w.l(libinit2.o)
    0x080001b6   0x080001b6   0x00000000   Code   RO         3380    .ARM.Collect$$libinit$$00000023  c_w.l(libinit2.o)
    0x080001b6   0x080001b6   0x00000000   Code   RO         3382    .ARM.Collect$$libinit$$00000025  c_w.l(libinit2.o)
    0x080001b6   0x080001b6   0x00000000   Code   RO         3386    .ARM.Collect$$libinit$$0000002C  c_w.l(libinit2.o)
    0x080001b6   0x080001b6   0x00000000   Code   RO         3388    .ARM.Collect$$libinit$$0000002E  c_w.l(libinit2.o)
    0x080001b6   0x080001b6   0x00000000   Code   RO         3390    .ARM.Collect$$libinit$$00000030  c_w.l(libinit2.o)
    0x080001b6   0x080001b6   0x00000000   Code   RO         3392    .ARM.Collect$$libinit$$00000032  c_w.l(libinit2.o)
    0x080001b6   0x080001b6   0x00000002   Code   RO         3393    .ARM.Collect$$libinit$$00000033  c_w.l(libinit2.o)
    0x080001b8   0x080001b8   0x00000002   Code   RO         3411    .ARM.Collect$$libshutdown$$00000000  c_w.l(libshutdown.o)
    0x080001ba   0x080001ba   0x00000000   Code   RO         3421    .ARM.Collect$$libshutdown$$00000002  c_w.l(libshutdown2.o)
    0x080001ba   0x080001ba   0x00000000   Code   RO         3423    .ARM.Collect$$libshutdown$$00000004  c_w.l(libshutdown2.o)
    0x080001ba   0x080001ba   0x00000000   Code   RO         3426    .ARM.Collect$$libshutdown$$00000007  c_w.l(libshutdown2.o)
    0x080001ba   0x080001ba   0x00000000   Code   RO         3429    .ARM.Collect$$libshutdown$$0000000A  c_w.l(libshutdown2.o)
    0x080001ba   0x080001ba   0x00000000   Code   RO         3431    .ARM.Collect$$libshutdown$$0000000C  c_w.l(libshutdown2.o)
    0x080001ba   0x080001ba   0x00000000   Code   RO         3434    .ARM.Collect$$libshutdown$$0000000F  c_w.l(libshutdown2.o)
    0x080001ba   0x080001ba   0x00000002   Code   RO         3435    .ARM.Collect$$libshutdown$$00000010  c_w.l(libshutdown2.o)
    0x080001bc   0x080001bc   0x00000000   Code   RO         3290    .ARM.Collect$$rtentry$$00000000  c_w.l(__rtentry.o)
    0x080001bc   0x080001bc   0x00000000   Code   RO         3314    .ARM.Collect$$rtentry$$00000002  c_w.l(__rtentry2.o)
    0x080001bc   0x080001bc   0x00000006   Code   RO         3326    .ARM.Collect$$rtentry$$00000004  c_w.l(__rtentry4.o)
    0x080001c2   0x080001c2   0x00000000   Code   RO         3316    .ARM.Collect$$rtentry$$00000009  c_w.l(__rtentry2.o)
    0x080001c2   0x080001c2   0x00000004   Code   RO         3317    .ARM.Collect$$rtentry$$0000000A  c_w.l(__rtentry2.o)
    0x080001c6   0x080001c6   0x00000000   Code   RO         3319    .ARM.Collect$$rtentry$$0000000C  c_w.l(__rtentry2.o)
    0x080001c6   0x080001c6   0x00000008   Code   RO         3320    .ARM.Collect$$rtentry$$0000000D  c_w.l(__rtentry2.o)
    0x080001ce   0x080001ce   0x00000002   Code   RO         3347    .ARM.Collect$$rtexit$$00000000  c_w.l(rtexit.o)
    0x080001d0   0x080001d0   0x00000000   Code   RO         3395    .ARM.Collect$$rtexit$$00000002  c_w.l(rtexit2.o)
    0x080001d0   0x080001d0   0x00000004   Code   RO         3396    .ARM.Collect$$rtexit$$00000003  c_w.l(rtexit2.o)
    0x080001d4   0x080001d4   0x00000006   Code   RO         3397    .ARM.Collect$$rtexit$$00000004  c_w.l(rtexit2.o)
    0x080001da   0x080001da   0x00000002   PAD
    0x080001dc   0x080001dc   0x00000040   Code   RO          724    .text               startup_stm32f10x_hd.o
    0x0800021c   0x0800021c   0x00000002   Code   RO         3177    .text               c_w.l(use_no_semi_2.o)
    0x0800021e   0x0800021e   0x00000002   PAD
    0x08000220   0x08000220   0x00000018   Code   RO         3183    .text               c_w.l(noretval__2printf.o)
    0x08000238   0x08000238   0x00000028   Code   RO         3185    .text               c_w.l(noretval__2sprintf.o)
    0x08000260   0x08000260   0x00000052   Code   RO         3191    .text               c_w.l(_printf_str.o)
    0x080002b2   0x080002b2   0x00000002   PAD
    0x080002b4   0x080002b4   0x00000078   Code   RO         3193    .text               c_w.l(_printf_dec.o)
    0x0800032c   0x0800032c   0x00000138   Code   RO         3228    .text               c_w.l(__printf_flags_wp.o)
    0x08000464   0x08000464   0x00000024   Code   RO         3240    .text               c_w.l(strstr.o)
    0x08000488   0x08000488   0x0000003e   Code   RO         3242    .text               c_w.l(strlen.o)
    0x080004c6   0x080004c6   0x0000008a   Code   RO         3244    .text               c_w.l(rt_memcpy_v6.o)
    0x08000550   0x08000550   0x00000010   Code   RO         3246    .text               c_w.l(aeabi_memset.o)
    0x08000560   0x08000560   0x00000044   Code   RO         3248    .text               c_w.l(rt_memclr.o)
    0x080005a4   0x080005a4   0x0000004e   Code   RO         3250    .text               c_w.l(rt_memclr_w.o)
    0x080005f2   0x080005f2   0x00000006   Code   RO         3252    .text               c_w.l(heapauxi.o)
    0x080005f8   0x080005f8   0x00000002   Code   RO         3288    .text               c_w.l(use_no_semi.o)
    0x080005fa   0x080005fa   0x000000b2   Code   RO         3291    .text               c_w.l(_printf_intcommon.o)
    0x080006ac   0x080006ac   0x00000030   Code   RO         3293    .text               c_w.l(_printf_char_common.o)
    0x080006dc   0x080006dc   0x0000000a   Code   RO         3295    .text               c_w.l(_sputc.o)
    0x080006e6   0x080006e6   0x0000002c   Code   RO         3297    .text               c_w.l(_printf_char.o)
    0x08000712   0x08000712   0x00000002   PAD
    0x08000714   0x08000714   0x00000024   Code   RO         3299    .text               c_w.l(_printf_char_file.o)
    0x08000738   0x08000738   0x00000064   Code   RO         3302    .text               c_w.l(rt_memcpy_w.o)
    0x0800079c   0x0800079c   0x00000008   Code   RO         3330    .text               c_w.l(ferror.o)
    0x080007a4   0x080007a4   0x0000004a   Code   RO         3334    .text               c_w.l(sys_stackheap_outer.o)
    0x080007ee   0x080007ee   0x00000012   Code   RO         3336    .text               c_w.l(exit.o)
    0x08000800   0x08000800   0x00000008   Code   RO         3344    .text               c_w.l(libspace.o)
    0x08000808   0x08000808   0x000001dc   Code   RO          153    i.Air_conditionProcess  stm32app.o
    0x080009e4   0x080009e4   0x000000b8   Code   RO          154    i.AlarmProcess      stm32app.o
    0x08000a9c   0x08000a9c   0x00000028   Code   RO          618    i.BusFault_Handler  stm32f10x_it.o
    0x08000ac4   0x08000ac4   0x00000024   Code   RO          334    i.Buzzer_Init       hal_buzzer.o
    0x08000ae8   0x08000ae8   0x00000218   Code   RO          155    i.CloudProcess      stm32app.o
    0x08000d00   0x08000d00   0x00000024   Code   RO         3091    i.ClrAtRxBuf        hal_wifitocloud.o
    0x08000d24   0x08000d24   0x00000128   Code   RO          156    i.ConnectCloudProcess  stm32app.o
    0x08000e4c   0x08000e4c   0x00000238   Code   RO         3115    i.ConnectToServer   wifitocloud.o
    0x08001084   0x08001084   0x0000003a   Code   RO         2729    i.Convert_BcdToHex  pcf8563.o
    0x080010be   0x080010be   0x00000002   Code   RO          619    i.DebugMon_Handler  stm32f10x_it.o
    0x080010c0   0x080010c0   0x000000cc   Code   RO          157    i.ERROR_Message     stm32app.o
    0x0800118c   0x0800118c   0x0000008c   Code   RO         3117    i.ESP8266_GetIpData  wifitocloud.o
    0x08001218   0x08001218   0x000000b0   Code   RO         3118    i.ESP8266_IpSend    wifitocloud.o
    0x080012c8   0x080012c8   0x00000078   Code   RO         3119    i.ESP8266_IpStart   wifitocloud.o
    0x08001340   0x08001340   0x00000074   Code   RO         3122    i.ESP8266_SetAP     wifitocloud.o
    0x080013b4   0x080013b4   0x00000044   Code   RO         3123    i.ESP8266_SetStation  wifitocloud.o
    0x080013f8   0x080013f8   0x00000116   Code   RO         1277    i.GPIO_Init         stm32f10x_gpio.o
    0x0800150e   0x0800150e   0x00000012   Code   RO         1283    i.GPIO_ReadOutputDataBit  stm32f10x_gpio.o
    0x08001520   0x08001520   0x00000004   Code   RO         1285    i.GPIO_SetBits      stm32f10x_gpio.o
    0x08001524   0x08001524   0x00000054   Code   RO         2517    i.HC595_GpioInit    74hc595.o
    0x08001578   0x08001578   0x000000a8   Code   RO          335    i.HalBuzzerBlink    hal_buzzer.o
    0x08001620   0x08001620   0x0000005c   Code   RO          336    i.HalBuzzerBlinkProcess  hal_buzzer.o
    0x0800167c   0x0800167c   0x00000020   Code   RO          337    i.HalBuzzerOnOff    hal_buzzer.o
    0x0800169c   0x0800169c   0x00000028   Code   RO          620    i.HardFault_Handler  stm32f10x_it.o
    0x080016c4   0x080016c4   0x00000048   Code   RO          403    i.IIC1_Ack          hal_iic1.o
    0x0800170c   0x0800170c   0x0000003c   Code   RO          404    i.IIC1_Init         hal_iic1.o
    0x08001748   0x08001748   0x00000048   Code   RO          405    i.IIC1_NoAck        hal_iic1.o
    0x08001790   0x08001790   0x00000058   Code   RO          406    i.IIC1_ReadByte     hal_iic1.o
    0x080017e8   0x080017e8   0x00000054   Code   RO          407    i.IIC1_RecAck       hal_iic1.o
    0x0800183c   0x0800183c   0x00000054   Code   RO          408    i.IIC1_Start        hal_iic1.o
    0x08001890   0x08001890   0x00000060   Code   RO          409    i.IIC1_Stop         hal_iic1.o
    0x080018f0   0x080018f0   0x00000068   Code   RO          410    i.IIC1_WriteByte    hal_iic1.o
    0x08001958   0x08001958   0x00000070   Code   RO          411    i.IIC1_WriteSlaveAddr  hal_iic1.o
    0x080019c8   0x080019c8   0x0000003c   Code   RO          367    i.IIC_Init          hal_iic.o
    0x08001a04   0x08001a04   0x00000090   Code   RO          368    i.IIC_ReadByte      hal_iic.o
    0x08001a94   0x08001a94   0x00000040   Code   RO          369    i.IIC_Start         hal_iic.o
    0x08001ad4   0x08001ad4   0x00000038   Code   RO          370    i.IIC_Stop          hal_iic.o
    0x08001b0c   0x08001b0c   0x000000c0   Code   RO          371    i.IIC_WriteByte     hal_iic.o
    0x08001bcc   0x08001bcc   0x000001ac   Code   RO          158    i.IR_HandleProcess  stm32app.o
    0x08001d78   0x08001d78   0x00000060   Code   RO         2852    i.IR_RemoteScan     remote.o
    0x08001dd8   0x08001dd8   0x00000020   Code   RO          159    i.KEY_HandleProcess  stm32app.o
    0x08001df8   0x08001df8   0x00000034   Code   RO          463    i.KEY_ScanTriggerOnce  hal_key.o
    0x08001e2c   0x08001e2c   0x00000046   Code   RO         2543    i.LCD_Clr           lcd12864.o
    0x08001e72   0x08001e72   0x00000002   PAD
    0x08001e74   0x08001e74   0x0000003c   Code   RO          160    i.LCD_ClrDispAirConRun  stm32app.o
    0x08001eb0   0x08001eb0   0x0000003e   Code   RO         2544    i.LCD_DispFullImg   lcd12864.o
    0x08001eee   0x08001eee   0x0000006a   Code   RO         2545    i.LCD_DispImg       lcd12864.o
    0x08001f58   0x08001f58   0x0000005c   Code   RO          161    i.LCD_DisplayProcess  stm32app.o
    0x08001fb4   0x08001fb4   0x0000015c   Code   RO         2548    i.LCD_GpioInit      lcd12864.o
    0x08002110   0x08002110   0x00000058   Code   RO         2549    i.LCD_Init          lcd12864.o
    0x08002168   0x08002168   0x00000054   Code   RO         2552    i.LCD_Select        lcd12864.o
    0x080021bc   0x080021bc   0x00000038   Code   RO         2553    i.LCD_WrCmd         lcd12864.o
    0x080021f4   0x080021f4   0x00000038   Code   RO         2554    i.LCD_WrData        lcd12864.o
    0x0800222c   0x0800222c   0x00000018   Code   RO         2555    i.LCD_WriteChinese  lcd12864.o
    0x08002244   0x08002244   0x0000002e   Code   RO         2556    i.LCD_WriteChineseString  lcd12864.o
    0x08002272   0x08002272   0x00000002   PAD
    0x08002274   0x08002274   0x0000016c   Code   RO         2557    i.LCD_WriteDataPort  lcd12864.o
    0x080023e0   0x080023e0   0x00000064   Code   RO         2558    i.LCD_WriteEnglish  lcd12864.o
    0x08002444   0x08002444   0x00000056   Code   RO         2559    i.LCD_WriteEnglishString  lcd12864.o
    0x0800249a   0x0800249a   0x00000002   PAD
    0x0800249c   0x0800249c   0x00000554   Code   RO          162    i.LED_TubeMessage   stm32app.o
    0x080029f0   0x080029f0   0x0000002a   Code   RO         2917    i.MY_NVIC_Init      sys.o
    0x08002a1a   0x08002a1a   0x0000000c   Code   RO         2918    i.MY_NVIC_PriorityGroup_Config  sys.o
    0x08002a26   0x08002a26   0x00000002   PAD
    0x08002a28   0x08002a28   0x00000028   Code   RO          621    i.MemManage_Handler  stm32f10x_it.o
    0x08002a50   0x08002a50   0x00000002   Code   RO          622    i.NMI_Handler       stm32f10x_it.o
    0x08002a52   0x08002a52   0x00000002   PAD
    0x08002a54   0x08002a54   0x00000014   Code   RO          163    i.NTC_temperatureProcess  stm32app.o
    0x08002a68   0x08002a68   0x00000070   Code   RO          728    i.NVIC_Init         misc.o
    0x08002ad8   0x08002ad8   0x00000014   Code   RO          729    i.NVIC_PriorityGroupConfig  misc.o
    0x08002aec   0x08002aec   0x00000024   Code   RO          164    i.NVIC_SystemReset  stm32app.o
    0x08002b10   0x08002b10   0x000000a4   Code   RO         2730    i.PCF8563_GetTime   pcf8563.o
    0x08002bb4   0x08002bb4   0x000000d8   Code   RO         2731    i.PCF8563_Init      pcf8563.o
    0x08002c8c   0x08002c8c   0x00000044   Code   RO         2732    i.PCF8563_ReadBytes  pcf8563.o
    0x08002cd0   0x08002cd0   0x0000000c   Code   RO         2733    i.PCF8563_Start     pcf8563.o
    0x08002cdc   0x08002cdc   0x00000056   Code   RO         2734    i.PCF8563_WirteTime  pcf8563.o
    0x08002d32   0x08002d32   0x0000001e   Code   RO         2735    i.PCF8563_WriteByte  pcf8563.o
    0x08002d50   0x08002d50   0x000000d8   Code   RO         2789    i.PCF8591_ReadChannel  pcf8591.o
    0x08002e28   0x08002e28   0x00000002   Code   RO          624    i.PendSV_Handler    stm32f10x_it.o
    0x08002e2a   0x08002e2a   0x00000002   PAD
    0x08002e2c   0x08002e2c   0x00000040   Code   RO          165    i.PowerOffDisplay   stm32app.o
    0x08002e6c   0x08002e6c   0x00000020   Code   RO         1492    i.RCC_APB1PeriphClockCmd  stm32f10x_rcc.o
    0x08002e8c   0x08002e8c   0x00000020   Code   RO         1493    i.RCC_APB1PeriphResetCmd  stm32f10x_rcc.o
    0x08002eac   0x08002eac   0x00000020   Code   RO         1494    i.RCC_APB2PeriphClockCmd  stm32f10x_rcc.o
    0x08002ecc   0x08002ecc   0x00000020   Code   RO         1495    i.RCC_APB2PeriphResetCmd  stm32f10x_rcc.o
    0x08002eec   0x08002eec   0x000000d4   Code   RO         1502    i.RCC_GetClocksFreq  stm32f10x_rcc.o
    0x08002fc0   0x08002fc0   0x00000010   Code   RO         1694    i.RTC_ClearITPendingBit  stm32f10x_rtc.o
    0x08002fd0   0x08002fd0   0x00000024   Code   RO         1700    i.RTC_GetITStatus   stm32f10x_rtc.o
    0x08002ff4   0x08002ff4   0x00000012   Code   RO         3023    i.RTC_IRQHandler    dateandtime.o
    0x08003006   0x08003006   0x00000002   PAD
    0x08003008   0x08003008   0x000000b4   Code   RO         2853    i.Remote_Init       remote.o
    0x080030bc   0x080030bc   0x00000068   Code   RO         2854    i.Remote_Scan       remote.o
    0x08003124   0x08003124   0x000000d4   Code   RO          166    i.SE_SendSensor2    stm32app.o
    0x080031f8   0x080031f8   0x000000dc   Code   RO          167    i.SE_SendSensor3    stm32app.o
    0x080032d4   0x080032d4   0x00000030   Code   RO         2923    i.STM32_GPIOx_Init  sys.o
    0x08003304   0x08003304   0x00000002   Code   RO          625    i.SVC_Handler       stm32f10x_it.o
    0x08003306   0x08003306   0x00000002   PAD
    0x08003308   0x08003308   0x0000001c   Code   RO         3092    i.SendAtCmd         hal_wifitocloud.o
    0x08003324   0x08003324   0x00000010   Code   RO         3093    i.SendStrLen        hal_wifitocloud.o
    0x08003334   0x08003334   0x00000008   Code   RO          687    i.SetSysClock       system_stm32f10x.o
    0x0800333c   0x0800333c   0x000000e0   Code   RO          688    i.SetSysClockTo72   system_stm32f10x.o
    0x0800341c   0x0800341c   0x00000002   Code   RO          626    i.SysTick_Handler   stm32f10x_it.o
    0x0800341e   0x0800341e   0x00000002   PAD
    0x08003420   0x08003420   0x00000060   Code   RO          690    i.SystemInit        system_stm32f10x.o
    0x08003480   0x08003480   0x00000080   Code   RO         1783    i.TI1_Config        stm32f10x_tim.o
    0x08003500   0x08003500   0x00000098   Code   RO         1784    i.TI2_Config        stm32f10x_tim.o
    0x08003598   0x08003598   0x00000090   Code   RO         1785    i.TI3_Config        stm32f10x_tim.o
    0x08003628   0x08003628   0x00000098   Code   RO         1786    i.TI4_Config        stm32f10x_tim.o
    0x080036c0   0x080036c0   0x00000100   Code   RO          488    i.TIM2_IRQHandler   hal_timer2.o
    0x080037c0   0x080037c0   0x000000a0   Code   RO          489    i.TIM2_Init         hal_timer2.o
    0x08003860   0x08003860   0x00000198   Code   RO         2855    i.TIM5_IRQHandler   remote.o
    0x080039f8   0x080039f8   0x00000006   Code   RO         1793    i.TIM_ClearFlag     stm32f10x_tim.o
    0x080039fe   0x080039fe   0x00000006   Code   RO         1794    i.TIM_ClearITPendingBit  stm32f10x_tim.o
    0x08003a04   0x08003a04   0x00000018   Code   RO         1799    i.TIM_Cmd           stm32f10x_tim.o
    0x08003a1c   0x08003a1c   0x00000006   Code   RO         1814    i.TIM_GetCapture1   stm32f10x_tim.o
    0x08003a22   0x08003a22   0x00000022   Code   RO         1820    i.TIM_GetITStatus   stm32f10x_tim.o
    0x08003a44   0x08003a44   0x000000ac   Code   RO         1822    i.TIM_ICInit        stm32f10x_tim.o
    0x08003af0   0x08003af0   0x00000012   Code   RO         1824    i.TIM_ITConfig      stm32f10x_tim.o
    0x08003b02   0x08003b02   0x00000002   PAD
    0x08003b04   0x08003b04   0x00000098   Code   RO         1828    i.TIM_OC1Init       stm32f10x_tim.o
    0x08003b9c   0x08003b9c   0x00000012   Code   RO         1830    i.TIM_OC1PolarityConfig  stm32f10x_tim.o
    0x08003bae   0x08003bae   0x00000012   Code   RO         1831    i.TIM_OC1PreloadConfig  stm32f10x_tim.o
    0x08003bc0   0x08003bc0   0x00000006   Code   RO         1848    i.TIM_PrescalerConfig  stm32f10x_tim.o
    0x08003bc6   0x08003bc6   0x00000004   Code   RO         1860    i.TIM_SetCompare1   stm32f10x_tim.o
    0x08003bca   0x08003bca   0x00000004   Code   RO         1864    i.TIM_SetCounter    stm32f10x_tim.o
    0x08003bce   0x08003bce   0x00000012   Code   RO         1865    i.TIM_SetIC1Prescaler  stm32f10x_tim.o
    0x08003be0   0x08003be0   0x0000001a   Code   RO         1866    i.TIM_SetIC2Prescaler  stm32f10x_tim.o
    0x08003bfa   0x08003bfa   0x00000012   Code   RO         1867    i.TIM_SetIC3Prescaler  stm32f10x_tim.o
    0x08003c0c   0x08003c0c   0x0000001a   Code   RO         1868    i.TIM_SetIC4Prescaler  stm32f10x_tim.o
    0x08003c26   0x08003c26   0x00000002   PAD
    0x08003c28   0x08003c28   0x000000a4   Code   RO         1870    i.TIM_TimeBaseInit  stm32f10x_tim.o
    0x08003ccc   0x08003ccc   0x000000f0   Code   RO         2736    i.Time_CheckValidity  pcf8563.o
    0x08003dbc   0x08003dbc   0x00000058   Code   RO          514    i.UART4_IRQHandler  hal_uart4.o
    0x08003e14   0x08003e14   0x000000bc   Code   RO          515    i.UART4_Init        hal_uart4.o
    0x08003ed0   0x08003ed0   0x00000020   Code   RO          516    i.UART4_SendData    hal_uart4.o
    0x08003ef0   0x08003ef0   0x0000001c   Code   RO          518    i.UART4_SendStrlen  hal_uart4.o
    0x08003f0c   0x08003f0c   0x0000008c   Code   RO          564    i.USART1_Init       hal_usart1.o
    0x08003f98   0x08003f98   0x00000018   Code   RO         2338    i.USART_Cmd         stm32f10x_usart.o
    0x08003fb0   0x08003fb0   0x0000009c   Code   RO         2340    i.USART_DeInit      stm32f10x_usart.o
    0x0800404c   0x0800404c   0x00000054   Code   RO         2342    i.USART_GetITStatus  stm32f10x_usart.o
    0x080040a0   0x080040a0   0x0000004a   Code   RO         2344    i.USART_ITConfig    stm32f10x_usart.o
    0x080040ea   0x080040ea   0x00000002   PAD
    0x080040ec   0x080040ec   0x000000d8   Code   RO         2345    i.USART_Init        stm32f10x_usart.o
    0x080041c4   0x080041c4   0x0000000a   Code   RO         2352    i.USART_ReceiveData  stm32f10x_usart.o
    0x080041ce   0x080041ce   0x00000008   Code   RO         2355    i.USART_SendData    stm32f10x_usart.o
    0x080041d6   0x080041d6   0x00000002   PAD
    0x080041d8   0x080041d8   0x00000470   Code   RO          168    i.USER_DataAnalysisProcess  stm32app.o
    0x08004648   0x08004648   0x00000080   Code   RO          169    i.USER_GetJsonValue  stm32app.o
    0x080046c8   0x080046c8   0x000000f4   Code   RO          170    i.USER_GetTempJsonValue  stm32app.o
    0x080047bc   0x080047bc   0x0000002c   Code   RO          627    i.UsageFault_Handler  stm32f10x_it.o
    0x080047e8   0x080047e8   0x00000394   Code   RO          171    i.WORKSTATION_Message  stm32app.o
    0x08004b7c   0x08004b7c   0x00000288   Code   RO          172    i.WorkStaSwitch     stm32app.o
    0x08004e04   0x08004e04   0x0000000e   Code   RO         3226    i._is_digit         c_w.l(__printf_wp.o)
    0x08004e12   0x08004e12   0x00000006   Code   RO          567    i._sys_exit         hal_usart1.o
    0x08004e18   0x08004e18   0x00000074   Code   RO         2702    i.calculateResValue  ntcthermistor.o
    0x08004e8c   0x08004e8c   0x00000074   Code   RO         2703    i.calculateTemperature  ntcthermistor.o
    0x08004f00   0x08004f00   0x0000006c   Code   RO         2928    i.dataTransfer      sys.o
    0x08004f6c   0x08004f6c   0x00000024   Code   RO         2888    i.delay_init        delay.o
    0x08004f90   0x08004f90   0x0000004c   Code   RO         2889    i.delay_us          delay.o
    0x08004fdc   0x08004fdc   0x0000001c   Code   RO          568    i.fputc             hal_usart1.o
    0x08004ff8   0x08004ff8   0x00000022   Code   RO         2704    i.getTemperature    ntcthermistor.o
    0x0800501a   0x0800501a   0x00000002   PAD
    0x0800501c   0x0800501c   0x0000008c   Code   RO         2519    i.hc595_out_for_int  74hc595.o
    0x080050a8   0x080050a8   0x00000038   Code   RO          464    i.keyInit           hal_key.o
    0x080050e0   0x080050e0   0x00000074   Code   RO          465    i.keyScanInd        hal_key.o
    0x08005154   0x08005154   0x00000068   Code   RO         2669    i.led_scan          lednixietube.o
    0x080051bc   0x080051bc   0x00000040   Code   RO            1    i.main              main.o
    0x080051fc   0x080051fc   0x00000028   Code   RO         2670    i.set_led_dispbuf   lednixietube.o
    0x08005224   0x08005224   0x00000138   Code   RO          173    i.simpleAppInit     stm32app.o
    0x0800535c   0x0800535c   0x000000f4   Code   RO          174    i.simpleAppProcess  stm32app.o
    0x08005450   0x08005450   0x00000062   Code   RO         3256    x$fpl$d2f           fz_ws.l(d2f.o)
    0x080054b2   0x080054b2   0x00000002   PAD
    0x080054b4   0x080054b4   0x00000150   Code   RO         3258    x$fpl$dadd          fz_ws.l(daddsub_clz.o)
    0x08005604   0x08005604   0x000002b0   Code   RO         3265    x$fpl$ddiv          fz_ws.l(ddiv.o)
    0x080058b4   0x080058b4   0x0000005a   Code   RO         3268    x$fpl$dfixu         fz_ws.l(dfixu.o)
    0x0800590e   0x0800590e   0x00000026   Code   RO         3272    x$fpl$dfltu         fz_ws.l(dflt_clz.o)
    0x08005934   0x08005934   0x00000154   Code   RO         3278    x$fpl$dmul          fz_ws.l(dmul.o)
    0x08005a88   0x08005a88   0x0000009c   Code   RO         3304    x$fpl$dnaninf       fz_ws.l(dnaninf.o)
    0x08005b24   0x08005b24   0x0000000c   Code   RO         3306    x$fpl$dretinf       fz_ws.l(dretinf.o)
    0x08005b30   0x08005b30   0x00000016   Code   RO         3259    x$fpl$drsb          fz_ws.l(daddsub_clz.o)
    0x08005b46   0x08005b46   0x00000002   PAD
    0x08005b48   0x08005b48   0x000001d4   Code   RO         3260    x$fpl$dsub          fz_ws.l(daddsub_clz.o)
    0x08005d1c   0x08005d1c   0x00000056   Code   RO         3280    x$fpl$f2d           fz_ws.l(f2d.o)
    0x08005d72   0x08005d72   0x00000002   PAD
    0x08005d74   0x08005d74   0x00000030   Code   RO         3283    x$fpl$fflt          fz_ws.l(fflt_clz.o)
    0x08005da4   0x08005da4   0x0000008c   Code   RO         3308    x$fpl$fnaninf       fz_ws.l(fnaninf.o)
    0x08005e30   0x08005e30   0x0000000a   Code   RO         3310    x$fpl$fretinf       fz_ws.l(fretinf.o)
    0x08005e3a   0x08005e3a   0x00000000   Code   RO         3312    x$fpl$usenofp       fz_ws.l(usenofp.o)
    0x08005e3a   0x08005e3a   0x00000b40   Data   RO          176    .constdata          stm32app.o
    0x0800697a   0x0800697a   0x000005f0   Data   RO         2560    .constdata          lcd12864.o
    0x08006f6a   0x08006f6a   0x00000028   Data   RO         2671    .constdata          lednixietube.o
    0x08006f92   0x08006f92   0x00000002   PAD
    0x08006f94   0x08006f94   0x00000234   Data   RO         2705    .constdata          ntcthermistor.o
    0x080071c8   0x080071c8   0x00000021   Data   RO         2737    .constdata          pcf8563.o
    0x080071e9   0x080071e9   0x00000011   Data   RO         3229    .constdata          c_w.l(__printf_flags_wp.o)
    0x080071fa   0x080071fa   0x00000002   PAD
    0x080071fc   0x080071fc   0x000000a1   Data   RO          177    .conststring        stm32app.o
    0x0800729d   0x0800729d   0x00000003   PAD
    0x080072a0   0x080072a0   0x00000020   Data   RO         3467    Region$$Table       anon$$obj.o


    Execution Region RW_IRAM1 (Exec base: 0x20000000, Load base: 0x080072c0, Size: 0x00001448, Max: 0x00010000, ABSOLUTE)

    Exec Addr    Load Addr    Size         Type   Attr      Idx    E Section Name        Object

    0x20000000   0x080072c0   0x0000002c   Data   RW          178    .data               stm32app.o
    0x2000002c   0x080072ec   0x00000008   Data   RW          338    .data               hal_buzzer.o
    0x20000034   0x080072f4   0x00000004   Data   RW          466    .data               hal_key.o
    0x20000038   0x080072f8   0x00000010   Data   RW          492    .data               hal_timer2.o
    0x20000048   0x08007308   0x00000005   Data   RW          520    .data               hal_uart4.o
    0x2000004d   0x0800730d   0x00000003   PAD
    0x20000050   0x08007310   0x00000004   Data   RW          569    .data               hal_usart1.o
    0x20000054   0x08007314   0x00000014   Data   RW          691    .data               system_stm32f10x.o
    0x20000068   0x08007328   0x00000014   Data   RW         1522    .data               stm32f10x_rcc.o
    0x2000007c   0x0800733c   0x00000009   Data   RW         2672    .data               lednixietube.o
    0x20000085   0x08007345   0x00000003   PAD
    0x20000088   0x08007348   0x0000000a   Data   RW         2856    .data               remote.o
    0x20000092   0x08007352   0x00000002   PAD
    0x20000094        -       0x00000034   Zero   RW          175    .bss                stm32app.o
    0x200000c8        -       0x0000001a   Zero   RW          490    .bss                hal_timer2.o
    0x200000e2        -       0x00000100   Zero   RW          519    .bss                hal_uart4.o
    0x200001e2   0x08007352   0x00000002   PAD
    0x200001e4        -       0x00000060   Zero   RW         3345    .bss                c_w.l(libspace.o)
    0x20000244   0x08007352   0x00000004   PAD
    0x20000248        -       0x00000200   Zero   RW          722    HEAP                startup_stm32f10x_hd.o
    0x20000448        -       0x00001000   Zero   RW          721    STACK               startup_stm32f10x_hd.o


==============================================================================

Image component sizes


      Code (inc. data)   RO Data    RW Data    ZI Data      Debug   Object Name

       224         34          0          0          0       1509   74hc595.o
         0          0          0          0          0         32   core_cm3.o
        18          0          0          0          0        649   dateandtime.o
       112         24          0          0          0       1396   delay.o
       328         32          0          8          0       3463   hal_buzzer.o
       516         58          0          0          0       3681   hal_iic.o
       772        114          0          0          0       6526   hal_iic1.o
       224         28          0          4          0       2233   hal_key.o
       416         56          0         16         26       2911   hal_timer2.o
       336         34          0          5        256       4228   hal_uart4.o
       174         14          0          4          0       4424   hal_usart1.o
        80         16          0          0          0       2794   hal_wifitocloud.o
      1490        112       1520          0          0      11501   lcd12864.o
       144         24         40          9          0       2688   lednixietube.o
        64          0          0          0          0     247491   main.o
       132         22          0          0          0      12911   misc.o
       266         16        564          0          0       3617   ntcthermistor.o
       874         44         33          0          0       7591   pcf8563.o
       216          6          0          0          0       1506   pcf8591.o
       788         58          0         10          0       3742   remote.o
        64         26        304          0       4608        956   startup_stm32f10x_hd.o
      7852       1614       3041         44         52      38436   stm32app.o
       300          0          0          0          0      12452   stm32f10x_gpio.o
       174        124          0          0          0       5654   stm32f10x_it.o
       340         44          0         20          0      15804   stm32f10x_rcc.o
        52          8          0          0          0       1458   stm32f10x_rtc.o
      1296        170          0          0          0      38947   stm32f10x_tim.o
       572         28          0          0          0      13894   stm32f10x_usart.o
       210          0          0          0          0       3872   sys.o
       328         28          0         20          0       3133   system_stm32f10x.o
      1188        466          0          0          0       6274   wifitocloud.o

    ----------------------------------------------------------------------
     19578       3200       5539        148       4944     465773   Object Totals
         0          0         32          0          0          0   (incl. Generated)
        28          0          5          8          2          0   (incl. Padding)

    ----------------------------------------------------------------------

      Code (inc. data)   RO Data    RW Data    ZI Data      Debug   Library Member Name

         8          0          0          0          0         68   __main.o
       312          4         17          0          0         92   __printf_flags_wp.o
        14          0          0          0          0         68   __printf_wp.o
         0          0          0          0          0          0   __rtentry.o
        12          0          0          0          0          0   __rtentry2.o
         6          0          0          0          0          0   __rtentry4.o
        52          8          0          0          0          0   __scatter.o
        26          0          0          0          0          0   __scatter_copy.o
        28          0          0          0          0          0   __scatter_zi.o
        44          0          0          0          0        108   _printf_char.o
        48          6          0          0          0         96   _printf_char_common.o
        36          4          0          0          0         80   _printf_char_file.o
         6          0          0          0          0          0   _printf_d.o
       120         16          0          0          0         92   _printf_dec.o
       178          0          0          0          0         88   _printf_intcommon.o
         0          0          0          0          0          0   _printf_percent.o
         4          0          0          0          0          0   _printf_percent_end.o
         6          0          0          0          0          0   _printf_s.o
        82          0          0          0          0         80   _printf_str.o
        10          0          0          0          0         68   _sputc.o
        16          0          0          0          0         68   aeabi_memset.o
        18          0          0          0          0         80   exit.o
         8          0          0          0          0         68   ferror.o
         6          0          0          0          0        152   heapauxi.o
         2          0          0          0          0          0   libinit.o
         2          0          0          0          0          0   libinit2.o
         2          0          0          0          0          0   libshutdown.o
         2          0          0          0          0          0   libshutdown2.o
         8          4          0          0         96         68   libspace.o
        24          4          0          0          0         84   noretval__2printf.o
        40          6          0          0          0         84   noretval__2sprintf.o
        68          0          0          0          0         68   rt_memclr.o
        78          0          0          0          0         80   rt_memclr_w.o
       138          0          0          0          0         68   rt_memcpy_v6.o
       100          0          0          0          0         80   rt_memcpy_w.o
         2          0          0          0          0          0   rtexit.o
        10          0          0          0          0          0   rtexit2.o
        62          0          0          0          0         76   strlen.o
        36          0          0          0          0         80   strstr.o
        74          0          0          0          0         80   sys_stackheap_outer.o
         2          0          0          0          0         68   use_no_semi.o
         2          0          0          0          0         68   use_no_semi_2.o
        98          4          0          0          0         92   d2f.o
       826         16          0          0          0        348   daddsub_clz.o
       688        140          0          0          0        208   ddiv.o
        90          4          0          0          0         92   dfixu.o
        38          0          0          0          0         68   dflt_clz.o
       340         12          0          0          0        104   dmul.o
       156          4          0          0          0         92   dnaninf.o
        12          0          0          0          0         68   dretinf.o
        86          4          0          0          0         84   f2d.o
        48          0          0          0          0         68   fflt_clz.o
       140          4          0          0          0         84   fnaninf.o
        10          0          0          0          0         68   fretinf.o
         0          0          0          0          0          0   usenofp.o

    ----------------------------------------------------------------------
      4240        240         19          0        100       3488   Library Totals
        16          0          2          0          4          0   (incl. Padding)

    ----------------------------------------------------------------------

      Code (inc. data)   RO Data    RW Data    ZI Data      Debug   Library Name

      1692         52         17          0         96       2112   c_w.l
      2532        188          0          0          0       1376   fz_ws.l

    ----------------------------------------------------------------------
      4240        240         19          0        100       3488   Library Totals

    ----------------------------------------------------------------------

==============================================================================


      Code (inc. data)   RO Data    RW Data    ZI Data      Debug   

     23818       3440       5558        148       5044     459533   Grand Totals
     23818       3440       5558        148       5044     459533   ELF Image Totals
     23818       3440       5558        148          0          0   ROM Totals

==============================================================================

    Total RO  Size (Code + RO Data)                29376 (  28.69kB)
    Total RW  Size (RW Data + ZI Data)              5192 (   5.07kB)
    Total ROM Size (Code + RO Data + RW Data)      29524 (  28.83kB)

==============================================================================

