<html>
<body>
<pre>
<h1>礦ision Build Log</h1>
<h2>Tool Versions:</h2>
IDE-Version: μVision V5.28.0.0
Copyright (C) 2019 ARM Ltd and ARM Germany GmbH. All rights reserved.
License Information: stefan charles, hack, LIC=BL263-A1NCD-XBBEC-7FK6F-JUCXG-0W47A
 
Tool Versions:
Toolchain:       MDK-ARM Professional  Version: 5.28.0.0
Toolchain Path:  C:\STM32\ARM\ARMCC\Bin
C Compiler:      Armcc.exe V5.06 update 6 (build 750)
Assembler:       Armasm.exe V5.06 update 6 (build 750)
Linker/Locator:  ArmLink.exe V5.06 update 6 (build 750)
Library Manager: ArmAr.exe V5.06 update 6 (build 750)
Hex Converter:   FromElf.exe V5.06 update 6 (build 750)
CPU DLL:         SARMCM3.DLL V5.28.0.0
Dialog DLL:      DCM.DLL V1.17.3.0
Target DLL:      STLink\ST-LINKIII-KEIL_SWO.dll V3.0.6.0
Dialog DLL:      TCM.DLL V1.36.2.0
 
<h2>Project:</h2>
E:\STM\2019湖南本科NEWLab创新设计大赛赛前培训资料\NEWLab创新设计套件资料\项目实战\空调控制器（WIFI联网版）\04_项目源代码\嵌入式\云平台-空调控制系统M3-20180903\project\Air-conditionSystem.uvprojx
Project File Date:  07/08/2019

<h2>Output:</h2>
*** Using Compiler 'V5.06 update 6 (build 750)', folder: 'C:\STM32\ARM\ARMCC\Bin'
Build target '空调控制系统'
compiling hal_uart4.c...
compiling main.c...
compiling hal_buzzer.c...
compiling hal_iic1.c...
compiling hal_iic.c...
compiling hal_key.c...
compiling hal_timer2.c...
compiling stm32App.c...
assembling startup_stm32f10x_hd.s...
compiling hal_usart1.c...
compiling stm32f10x_it.c...
compiling system_stm32f10x.c...
compiling core_cm3.c...
compiling misc.c...
compiling stm32f10x_adc.c...
compiling stm32f10x_bkp.c...
compiling stm32f10x_dma.c...
compiling stm32f10x_exti.c...
compiling stm32f10x_iwdg.c...
compiling stm32f10x_gpio.c...
compiling stm32f10x_pwr.c...
compiling stm32f10x_rtc.c...
compiling stm32f10x_rcc.c...
compiling stm32f10x_tim.c...
compiling stm32f10x_usart.c...
compiling 74hc595.c...
compiling NTCthermistor.c...
compiling ledNixietube.c...
compiling lcd12864.c...
compiling pcf8563.c...
compiling pcf8591.c...
compiling pt100.c...
compiling remote.c...
compiling delay.c...
compiling DateAndTime.c...
compiling HAL_WiFiToCloud.c...
compiling WiFiToCloud.c...
compiling sys.c...
linking...
Program Size: Code=23818 RO-data=5558 RW-data=148 ZI-data=5044  
FromELF: creating hex file...
".\Objects\Air-conditionSystem.axf" - 0 Error(s), 0 Warning(s).

<h2>Software Packages used:</h2>

Package Vendor: Keil
                http://www.keil.com/pack/Keil.STM32F1xx_DFP.2.3.0.pack
                Keil.STM32F1xx_DFP.2.3.0
                STMicroelectronics STM32F1 Series Device Support, Drivers and Examples

<h2>Collection of Component include folders:</h2>
  .\RTE\_____________
  C:\STM32\ARM\PACK\Keil\STM32F1xx_DFP\2.3.0\Device\Include

<h2>Collection of Component Files used:</h2>
Build Time Elapsed:  00:00:05
</pre>
</body>
</html>
